Archive member included because of file (symbol)

/home/jaguar/Downloads/FreeRTOS_demos/Openthis-proj-with-lpcxpresso7.8/MPU_cmdLine/lpc_board_nxp_lpcxpresso_1769/Debug/liblpc_board_nxp_lpcxpresso_1769.a(board.o)
                              ./Source/FreeRTOS-Products/FreeRTOS-Plus-IO/Device/LPC17xx/FreeRTOS_lpc17xx_i2c.o (Board_I2C_Init)
/home/jaguar/Downloads/FreeRTOS_demos/Openthis-proj-with-lpcxpresso7.8/MPU_cmdLine/lpc_board_nxp_lpcxpresso_1769/Debug/liblpc_board_nxp_lpcxpresso_1769.a(board_sysinit.o)
                              ./Source/sysinit.o (Board_SystemInit)
/home/jaguar/Downloads/FreeRTOS_demos/Openthis-proj-with-lpcxpresso7.8/MPU_cmdLine/lpc_chip_175x_6x/Debug/liblpc_chip_175x_6x.a(chip_17xx_40xx.o)
                              ./Source/FreeRTOS-Products/FreeRTOS/portable/GCC/ARM_CM3_MPU/port.o (SystemCoreClock)
/home/jaguar/Downloads/FreeRTOS_demos/Openthis-proj-with-lpcxpresso7.8/MPU_cmdLine/lpc_chip_175x_6x/Debug/liblpc_chip_175x_6x.a(clock_17xx_40xx.o)
                              /home/jaguar/Downloads/FreeRTOS_demos/Openthis-proj-with-lpcxpresso7.8/MPU_cmdLine/lpc_chip_175x_6x/Debug/liblpc_chip_175x_6x.a(chip_17xx_40xx.o) (Chip_Clock_EnablePLL)
/home/jaguar/Downloads/FreeRTOS_demos/Openthis-proj-with-lpcxpresso7.8/MPU_cmdLine/lpc_chip_175x_6x/Debug/liblpc_chip_175x_6x.a(i2c_17xx_40xx.o)
                              ./Source/FreeRTOS-Products/FreeRTOS-Plus-IO/Device/LPC17xx/FreeRTOS_lpc17xx_i2c.o (Chip_I2C_EventHandlerPolling)
/home/jaguar/Downloads/FreeRTOS_demos/Openthis-proj-with-lpcxpresso7.8/MPU_cmdLine/lpc_chip_175x_6x/Debug/liblpc_chip_175x_6x.a(i2s_17xx_40xx.o)
                              /home/jaguar/Downloads/FreeRTOS_demos/Openthis-proj-with-lpcxpresso7.8/MPU_cmdLine/lpc_board_nxp_lpcxpresso_1769/Debug/liblpc_board_nxp_lpcxpresso_1769.a(board.o) (Chip_I2S_Init)
/home/jaguar/Downloads/FreeRTOS_demos/Openthis-proj-with-lpcxpresso7.8/MPU_cmdLine/lpc_chip_175x_6x/Debug/liblpc_chip_175x_6x.a(iocon_17xx_40xx.o)
                              ./Source/FreeRTOS-Products/FreeRTOS-Plus-IO/Device/LPC17xx/FreeRTOS_lpc17xx_uart.o (Chip_IOCON_PinMuxSet)
/home/jaguar/Downloads/FreeRTOS_demos/Openthis-proj-with-lpcxpresso7.8/MPU_cmdLine/lpc_chip_175x_6x/Debug/liblpc_chip_175x_6x.a(sysinit_17xx_40xx.o)
                              /home/jaguar/Downloads/FreeRTOS_demos/Openthis-proj-with-lpcxpresso7.8/MPU_cmdLine/lpc_board_nxp_lpcxpresso_1769/Debug/liblpc_board_nxp_lpcxpresso_1769.a(board_sysinit.o) (Chip_SetupXtalClocking)
/home/jaguar/Downloads/FreeRTOS_demos/Openthis-proj-with-lpcxpresso7.8/MPU_cmdLine/lpc_chip_175x_6x/Debug/liblpc_chip_175x_6x.a(uart_17xx_40xx.o)
                              ./Source/FreeRTOS-Products/FreeRTOS-Plus-IO/Device/LPC17xx/FreeRTOS_lpc17xx_uart.o (Chip_UART_Init)
/home/jaguar/Downloads/FreeRTOS_demos/Openthis-proj-with-lpcxpresso7.8/MPU_cmdLine/lpc_chip_175x_6x/Debug/liblpc_chip_175x_6x.a(ring_buffer.o)
                              /home/jaguar/Downloads/FreeRTOS_demos/Openthis-proj-with-lpcxpresso7.8/MPU_cmdLine/lpc_chip_175x_6x/Debug/liblpc_chip_175x_6x.a(uart_17xx_40xx.o) (RingBuffer_Insert)
/usr/local/lpcxpresso_7.8.0_426/lpcxpresso/tools/bin/../lib/gcc/arm-none-eabi/4.9.3/../../../../arm-none-eabi/lib/armv7-m/libcr_semihost.a(__sys_write.o)
                              ./Source/Examples/Semihosting/consoleprint.o (__write)
/usr/local/lpcxpresso_7.8.0_426/lpcxpresso/tools/bin/../lib/gcc/arm-none-eabi/4.9.3/../../../../arm-none-eabi/lib/armv7-m/libcr_c.a(memcpy.o)
                              ./Source/FreeRTOS-Products/FreeRTOS-Plus-IO/Common/IOUtils_CircularBufferRx.o (memcpy)
/usr/local/lpcxpresso_7.8.0_426/lpcxpresso/tools/bin/../lib/gcc/arm-none-eabi/4.9.3/../../../../arm-none-eabi/lib/armv7-m/libcr_c.a(memset.o)
                              ./Source/FreeRTOS-Products/FreeRTOS/tasks.o (memset)
/usr/local/lpcxpresso_7.8.0_426/lpcxpresso/tools/bin/../lib/gcc/arm-none-eabi/4.9.3/../../../../arm-none-eabi/lib/armv7-m/libcr_c.a(fpprintf.o)
                              ./Source/FreeRTOS-Products/FreeRTOS/tasks.o (sprintf)
/usr/local/lpcxpresso_7.8.0_426/lpcxpresso/tools/bin/../lib/gcc/arm-none-eabi/4.9.3/../../../../arm-none-eabi/lib/armv7-m/libcr_c.a(printf.o)
                              /usr/local/lpcxpresso_7.8.0_426/lpcxpresso/tools/bin/../lib/gcc/arm-none-eabi/4.9.3/../../../../arm-none-eabi/lib/armv7-m/libcr_c.a(fpprintf.o) (__vfprintf)
/usr/local/lpcxpresso_7.8.0_426/lpcxpresso/tools/bin/../lib/gcc/arm-none-eabi/4.9.3/../../../../arm-none-eabi/lib/armv7-m/libcr_c.a(scanf.o)
                              ./Source/Examples/UART/CLI-commands.o (atol)
/usr/local/lpcxpresso_7.8.0_426/lpcxpresso/tools/bin/../lib/gcc/arm-none-eabi/4.9.3/../../../../arm-none-eabi/lib/armv7-m/libcr_c.a(stdio.o)
                              /usr/local/lpcxpresso_7.8.0_426/lpcxpresso/tools/bin/../lib/gcc/arm-none-eabi/4.9.3/../../../../arm-none-eabi/lib/armv7-m/libcr_c.a(fpprintf.o) (__Ciob)
[...]
Memory Configuration

Name             Origin             Length             Attributes
MFlash512        0x00000000         0x00080000         xr
RamLoc32         0x10000000         0x00008000         xrw
RamAHB32         0x2007c000         0x00008000         xrw
*default*        0x00000000         0xffffffff

Linker script and memory map

LOAD ./Source/FreeRTOS-Products/FreeRTOS/portable/MemMang/heap_2.o
LOAD ./Source/FreeRTOS-Products/FreeRTOS/portable/GCC/ARM_CM3_MPU/port.o
LOAD ./Source/FreeRTOS-Products/FreeRTOS-Plus-IO/Device/LPC17xx/FreeRTOS_lpc17xx_DriverInterface.o
LOAD ./Source/FreeRTOS-Products/FreeRTOS-Plus-IO/Device/LPC17xx/FreeRTOS_lpc17xx_i2c.o
LOAD ./Source/FreeRTOS-Products/FreeRTOS-Plus-IO/Device/LPC17xx/FreeRTOS_lpc17xx_uart.o
LOAD ./Source/FreeRTOS-Products/FreeRTOS-Plus-IO/Common/FreeRTOS_DriverInterface.o
LOAD ./Source/FreeRTOS-Products/FreeRTOS-Plus-IO/Common/FreeRTOS_IOUtils.o
LOAD ./Source/FreeRTOS-Products/FreeRTOS-Plus-IO/Common/IOUtils_CharQueueTxAndRx.o
LOAD ./Source/FreeRTOS-Products/FreeRTOS-Plus-IO/Common/IOUtils_CircularBufferRx.o
LOAD ./Source/FreeRTOS-Products/FreeRTOS-Plus-IO/Common/IOUtils_TaskNotification_TxAndRx.o
LOAD ./Source/FreeRTOS-Products/FreeRTOS-Plus-IO/Common/IOUtils_ZeroCopyTx.o
LOAD ./Source/FreeRTOS-Products/FreeRTOS-Plus-CLI/FreeRTOS_CLI.o
LOAD ./Source/FreeRTOS-Products/FreeRTOS/croutine.o
LOAD ./Source/FreeRTOS-Products/FreeRTOS/event_groups.o
LOAD ./Source/FreeRTOS-Products/FreeRTOS/list.o
LOAD ./Source/FreeRTOS-Products/FreeRTOS/queue.o
LOAD ./Source/FreeRTOS-Products/FreeRTOS/tasks.o
LOAD ./Source/FreeRTOS-Products/FreeRTOS/timers.o
LOAD ./Source/Examples/UART/CLI-commands.o
LOAD ./Source/Examples/UART/UART-interrupt-driven-command-console.o
LOAD ./Source/Examples/UART/UART-operation-modes-test.o
LOAD ./Source/Examples/Semihosting/basic_io.o
LOAD ./Source/Examples/Semihosting/consoleprint.o
LOAD ./Source/Examples/I2C/Copy of I2C-to-and-from-EEPROM.o
LOAD ./Source/Examples/I2C/I2C-coordinator.o
LOAD ./Source/Examples/I2C/font5x7.o
LOAD ./Source/Examples/GPIO/GPIO-output-and-software-timers.o
LOAD ./Source/cr_startup_lpc175x_6x.o
LOAD ./Source/main.o
LOAD ./Source/sysinit.o
LOAD /home/jaguar/Downloads/FreeRTOS_demos/Openthis-proj-with-lpcxpresso7.8/MPU_cmdLine/lpc_board_nxp_lpcxpresso_1769/Debug/liblpc_board_nxp_lpcxpresso_1769.a
LOAD /home/jaguar/Downloads/FreeRTOS_demos/Openthis-proj-with-lpcxpresso7.8/MPU_cmdLine/lpc_chip_175x_6x/Debug/liblpc_chip_175x_6x.a
START GROUP
LOAD /usr/local/lpcxpresso_7.8.0_426/lpcxpresso/tools/bin/../lib/gcc/arm-none-eabi/4.9.3/../../../../arm-none-eabi/lib/armv7-m/libcr_semihost.a
LOAD /usr/local/lpcxpresso_7.8.0_426/lpcxpresso/tools/bin/../lib/gcc/arm-none-eabi/4.9.3/../../../../arm-none-eabi/lib/armv7-m/libcr_c.a
LOAD /usr/local/lpcxpresso_7.8.0_426/lpcxpresso/tools/bin/../lib/gcc/arm-none-eabi/4.9.3/armv7-m/libcr_eabihelpers.a
END GROUP
                0x00080000                __top_MFlash512 = 0x80000
                0x10008000                __top_RamLoc32 = 0x10008000
                0x20084000                __top_RamAHB32 = 0x20084000
                0x00004000                _Privileged_Functions_Region_Size = 0x4000
                0x00000100                _Privileged_Data_Region_Size = 0x100
                0x00000000                __FLASH_segment_start__ = ORIGIN (MFlash512)
                0x00080000                __FLASH_segment_end__ = (__FLASH_segment_start__ + 0x80000)
                0x00000000                __privileged_functions_start__ = ORIGIN (MFlash512)
                0x00004000                __privileged_functions_end__ = (__privileged_functions_start__ + _Privileged_Functions_Region_Size)
                0x10000000                __SRAM_segment_start__ = ORIGIN (RamLoc32)
                0x10008000                __SRAM_segment_end__ = (__SRAM_segment_start__ + 0x8000)
                0x10000000                __privileged_data_start__ = ORIGIN (RamLoc32)
                0x10000100                __privileged_data_end__ = (ORIGIN (RamLoc32) + _Privileged_Data_Region_Size)

.text           0x00000000     0xa8c8
                0x00000000                __vectors_start__ = ABSOLUTE (.)
 *(.isr_vector)
 .isr_vector    0x00000000       0xcc ./Source/cr_startup_lpc175x_6x.o
                0x00000000                g_pfnVectors
                0x000000cc                . = ALIGN (0x4)
                0x000000cc                __section_table_start = .
                0x000000cc                __data_section_table = .
                0x000000cc        0x4 LONG 0xaf78 LOADADDR (.data)
                0x000000d0        0x4 LONG 0x10004418 ADDR (.data)
                0x000000d4        0x4 LONG 0x64 SIZEOF (.data)
                0x000000d8        0x4 LONG 0xaf78 LOADADDR (.data_RAM2)
                0x000000dc        0x4 LONG 0x2007c000 ADDR (.data_RAM2)
                0x000000e0        0x4 LONG 0x0 SIZEOF (.data_RAM2)
                0x000000e4                __data_section_table_end = .
                0x000000e4                __bss_section_table = .
                0x000000e4        0x4 LONG 0x100001b8 ADDR (.bss)
                0x000000e8        0x4 LONG 0x4260 SIZEOF (.bss)
                0x000000ec        0x4 LONG 0x2007c000 ADDR (.bss_RAM2)
                0x000000f0        0x4 LONG 0x0 SIZEOF (.bss_RAM2)
                0x000000f4                __bss_section_table_end = .
                0x000000f4                __section_table_end = .
 *(privileged_functions)
 privileged_functions
                0x000000f4      0x1b8 ./Source/FreeRTOS-Products/FreeRTOS/portable/MemMang/heap_2.o
                0x000000f4                pvPortMalloc
                0x00000218                vPortFree
                0x00000288                xPortGetFreeHeapSize
                0x000002a0                vPortInitialiseBlocks
 privileged_functions
                0x000002ac      0x4f8 ./Source/FreeRTOS-Products/FreeRTOS/portable/GCC/ARM_CM3_MPU/port.o
                0x000002ac                pxPortInitialiseStack
                0x00000314                SVC_Handler
                0x000003c8                xPortStartScheduler
                0x00000404                vPortEndScheduler
                0x00000428                PendSV_Handler
                0x0000047c                SysTick_Handler
                0x00000620                vPortStoreTaskMPUSettings
 privileged_functions
                0x000007a4      0xe30 ./Source/FreeRTOS-Products/FreeRTOS/queue.o
                0x000007a4                xQueueGenericReset
                0x00000860                xQueueGenericCreate
                0x00000900                xQueueCreateMutex
                0x00000984                xQueueGetMutexHolder
                0x000009b4                xQueueGiveMutexRecursive
                0x00000a10                xQueueTakeMutexRecursive
                0x00000a74                xQueueCreateCountingSemaphore
                0x00000ad4                xQueueGenericSend
                0x00000c80                xQueueGenericSendFromISR
                0x00000d64                xQueueGiveFromISR
                0x00000e0c                xQueueGenericReceive
                0x00000fe4                xQueueReceiveFromISR
                0x000010a4                xQueuePeekFromISR
                0x0000113c                uxQueueMessagesWaiting
                0x0000116c                uxQueueSpacesAvailable
                0x000011a8                uxQueueMessagesWaitingFromISR
                0x000011d4                vQueueDelete
                0x00001204                uxQueueGetQueueNumber
                0x0000121c                vQueueSetQueueNumber
                0x00001238                ucQueueGetQueueType
                0x00001440                xQueueIsQueueEmptyFromISR
                0x000014a8                xQueueIsQueueFullFromISR
                0x000014e4                vQueueAddToRegistry
                0x00001534                vQueueUnregisterQueue
                0x00001578                vQueueWaitForMessageRestricted
 privileged_functions
                0x000015d4     0x2024 ./Source/FreeRTOS-Products/FreeRTOS/tasks.o
                0x000015d4                xTaskGenericCreate
                0x00001784                vTaskDelete
                0x0000183c                vTaskDelayUntil
                0x00001910                vTaskDelay
                0x00001980                eTaskGetState
                0x00001a20                uxTaskPriorityGet
                0x00001a54                uxTaskPriorityGetFromISR
                0x00001a98                vTaskPrioritySet
                0x00001bc8                vTaskSuspend
                0x00001cf8                vTaskResume
                0x00001da0                xTaskResumeFromISR
                0x00001e60                vTaskStartScheduler
                0x00001ee8                vTaskEndScheduler
                0x00001f04                vTaskSuspendAll
                0x00001f20                xTaskResumeAll
                0x00002038                xTaskGetTickCount
                0x0000205c                xTaskGetTickCountFromISR
                0x00002090                uxTaskGetNumberOfTasks
                0x000020a8                uxTaskGetSystemState
                0x000021a4                xTaskIncrementTick
                0x00002318                vTaskSwitchContext
                0x00002448                vTaskPlaceOnEventList
                0x000024b8                vTaskPlaceOnUnorderedEventList
                0x0000254c                vTaskPlaceOnEventListRestricted
                0x000025bc                xTaskRemoveFromEventList
                0x00002678                xTaskRemoveFromUnorderedEventList
                0x00002730                vTaskSetTimeOutState
                0x0000276c                xTaskCheckForTimeOut
                0x00002814                vTaskMissedYield
                0x0000282c                uxTaskGetTaskNumber
                0x00002858                vTaskSetTaskNumber
                0x00002938                vTaskAllocateMPURegions
                0x00002c88                uxTaskGetStackHighWaterMark
                0x00002ce8                xTaskGetCurrentTaskHandle
                0x00002d08                xTaskGetSchedulerState
                0x00002d44                vTaskPriorityInherit
                0x00002e00                xTaskPriorityDisinherit
                0x00002ec4                vTaskList
                0x00002fbc                vTaskGetRunTimeStats
                0x000030a0                uxTaskResetEventItemValue
                0x000030d0                pvTaskIncrementMutexHeldCount
                0x000030f8                ulTaskNotifyTake
                0x000031b4                xTaskNotifyWait
                0x00003294                xTaskGenericNotify
                0x000033bc                xTaskGenericNotifyFromISR
                0x00003510                vTaskNotifyGiveFromISR
 privileged_functions
                0x000035f8      0x6c0 ./Source/FreeRTOS-Products/FreeRTOS/timers.o
                0x000035f8                xTimerCreateTimerTask
                0x00003658                xTimerCreate
                0x000036c8                xTimerGenericCommand
                0x00003764                pcTimerGetTimerName
                0x00003c10                xTimerIsTimerActive
                0x00003c50                pvTimerGetTimerID
                0x00003c84                vTimerSetTimerID
                0x00004000                . = (ORIGIN (MFlash512) + _Privileged_Functions_Region_Size)
 *fill*         0x00003cb8      0x348 
 *(.text*)
 .text.prvHeapInit
                0x00004000       0x50 ./Source/FreeRTOS-Products/FreeRTOS/portable/MemMang/heap_2.o
 .text.vPortEnterCritical
                0x00004050       0x3c ./Source/FreeRTOS-Products/FreeRTOS/portable/GCC/ARM_CM3_MPU/port.o
                0x00004050                vPortEnterCritical
 .text.vPortExitCritical
                0x0000408c       0x54 ./Source/FreeRTOS-Products/FreeRTOS/portable/GCC/ARM_CM3_MPU/port.o
                0x0000408c                vPortExitCritical
 .text.prvRaisePrivilege
                0x000040e0       0x18 ./Source/FreeRTOS-Products/FreeRTOS/portable/GCC/ARM_CM3_MPU/port.o
 .text.MPU_xTaskGenericCreate
                0x000040f8       0x50 ./Source/FreeRTOS-Products/FreeRTOS/portable/GCC/ARM_CM3_MPU/port.o
                0x000040f8                MPU_xTaskGenericCreate
 .text.MPU_vTaskDelay
                0x00004148       0x2c ./Source/FreeRTOS-Products/FreeRTOS/portable/GCC/ARM_CM3_MPU/port.o
                0x00004148                MPU_vTaskDelay
 .text.MPU_vTaskSuspendAll
                0x00004174       0x28 ./Source/FreeRTOS-Products/FreeRTOS/portable/GCC/ARM_CM3_MPU/port.o
                0x00004174                MPU_vTaskSuspendAll
 .text.MPU_xTaskResumeAll
                0x0000419c       0x30 ./Source/FreeRTOS-Products/FreeRTOS/portable/GCC/ARM_CM3_MPU/port.o
                0x0000419c                MPU_xTaskResumeAll
 .text.MPU_xTaskGetTickCount
                0x000041cc       0x30 ./Source/FreeRTOS-Products/FreeRTOS/portable/GCC/ARM_CM3_MPU/port.o
                0x000041cc                MPU_xTaskGetTickCount
 .text.MPU_xTaskGetCurrentTaskHandle
                0x000041fc       0x30 ./Source/FreeRTOS-Products/FreeRTOS/portable/GCC/ARM_CM3_MPU/port.o
                0x000041fc                MPU_xTaskGetCurrentTaskHandle
 .text.MPU_xQueueGenericCreate
                0x0000422c       0x40 ./Source/FreeRTOS-Products/FreeRTOS/portable/GCC/ARM_CM3_MPU/port.o
                0x0000422c                MPU_xQueueGenericCreate
 .text.MPU_xQueueGenericReset
                0x0000426c       0x38 ./Source/FreeRTOS-Products/FreeRTOS/portable/GCC/ARM_CM3_MPU/port.o
                0x0000426c                MPU_xQueueGenericReset
 .text.MPU_xQueueGenericSend
                0x000042a4       0x40 ./Source/FreeRTOS-Products/FreeRTOS/portable/GCC/ARM_CM3_MPU/port.o
                0x000042a4                MPU_xQueueGenericSend
 .text.MPU_uxQueueMessagesWaiting
                0x000042e4       0x34 ./Source/FreeRTOS-Products/FreeRTOS/portable/GCC/ARM_CM3_MPU/port.o
                0x000042e4                MPU_uxQueueMessagesWaiting
 .text.MPU_xQueueGenericReceive
                0x00004318       0x40 ./Source/FreeRTOS-Products/FreeRTOS/portable/GCC/ARM_CM3_MPU/port.o
                0x00004318                MPU_xQueueGenericReceive
 .text.MPU_xQueueGetMutexHolder
                0x00004358       0x34 ./Source/FreeRTOS-Products/FreeRTOS/portable/GCC/ARM_CM3_MPU/port.o
                0x00004358                MPU_xQueueGetMutexHolder
 .text.MPU_xQueueCreateMutex
                0x0000438c       0x30 ./Source/FreeRTOS-Products/FreeRTOS/portable/GCC/ARM_CM3_MPU/port.o
                0x0000438c                MPU_xQueueCreateMutex
 .text.MPU_xQueueCreateCountingSemaphore
                0x000043bc       0x38 ./Source/FreeRTOS-Products/FreeRTOS/portable/GCC/ARM_CM3_MPU/port.o
                0x000043bc                MPU_xQueueCreateCountingSemaphore
 .text.MPU_vQueueDelete
                0x000043f4       0x2c ./Source/FreeRTOS-Products/FreeRTOS/portable/GCC/ARM_CM3_MPU/port.o
                0x000043f4                MPU_vQueueDelete
 .text.MPU_pvPortMalloc
                0x00004420       0x34 ./Source/FreeRTOS-Products/FreeRTOS/portable/GCC/ARM_CM3_MPU/port.o
                0x00004420                MPU_pvPortMalloc
 .text.MPU_vPortFree
                0x00004454       0x2c ./Source/FreeRTOS-Products/FreeRTOS/portable/GCC/ARM_CM3_MPU/port.o
                0x00004454                MPU_vPortFree
 .text.MPU_FreeRTOS_write
                0x00004480       0x3c ./Source/FreeRTOS-Products/FreeRTOS/portable/GCC/ARM_CM3_MPU/port.o
                0x00004480                MPU_FreeRTOS_write
 .text.MPU_FreeRTOS_read
                0x000044bc       0x3c ./Source/FreeRTOS-Products/FreeRTOS/portable/GCC/ARM_CM3_MPU/port.o
                0x000044bc                MPU_FreeRTOS_read
 .text.MPU_FreeRTOS_ioctl
                0x000044f8       0x3c ./Source/FreeRTOS-Products/FreeRTOS/portable/GCC/ARM_CM3_MPU/port.o
                0x000044f8                MPU_FreeRTOS_ioctl
 .text.MPU_ulTaskNotifyTake
                0x00004534       0x38 ./Source/FreeRTOS-Products/FreeRTOS/portable/GCC/ARM_CM3_MPU/port.o
                0x00004534                MPU_ulTaskNotifyTake
 .text.vFreeRTOS_lpc17xx_PopulateFunctionPointers
                0x0000456c       0x50 ./Source/FreeRTOS-Products/FreeRTOS-Plus-IO/Device/LPC17xx/FreeRTOS_lpc17xx_DriverInterface.o
                0x0000456c                vFreeRTOS_lpc17xx_PopulateFunctionPointers
 .text.NVIC_EnableIRQ
                0x000045bc       0x30 ./Source/FreeRTOS-Products/FreeRTOS-Plus-IO/Device/LPC17xx/FreeRTOS_lpc17xx_i2c.o
 .text.NVIC_DisableIRQ
                0x000045ec       0x34 ./Source/FreeRTOS-Products/FreeRTOS-Plus-IO/Device/LPC17xx/FreeRTOS_lpc17xx_i2c.o
 .text.NVIC_ClearPendingIRQ
                0x00004620       0x34 ./Source/FreeRTOS-Products/FreeRTOS-Plus-IO/Device/LPC17xx/FreeRTOS_lpc17xx_i2c.o
 .text.NVIC_SetPriority
                0x00004654       0x54 ./Source/FreeRTOS-Products/FreeRTOS-Plus-IO/Device/LPC17xx/FreeRTOS_lpc17xx_i2c.o
 .text.FreeRTOS_I2C_open
                0x000046a8      0x148 ./Source/FreeRTOS-Products/FreeRTOS-Plus-IO/Device/LPC17xx/FreeRTOS_lpc17xx_i2c.o
                0x000046a8                FreeRTOS_I2C_open
 .text.FreeRTOS_I2C_write
                0x000047f0      0x18c ./Source/FreeRTOS-Products/FreeRTOS-Plus-IO/Device/LPC17xx/FreeRTOS_lpc17xx_i2c.o
                0x000047f0                FreeRTOS_I2C_write
 .text.FreeRTOS_I2C_read
                0x0000497c      0x1c4 ./Source/FreeRTOS-Products/FreeRTOS-Plus-IO/Device/LPC17xx/FreeRTOS_lpc17xx_i2c.o
                0x0000497c                FreeRTOS_I2C_read
 .text.FreeRTOS_I2C_ioctl
                0x00004b40      0x114 ./Source/FreeRTOS-Products/FreeRTOS-Plus-IO/Device/LPC17xx/FreeRTOS_lpc17xx_i2c.o
                0x00004b40                FreeRTOS_I2C_ioctl
 .text.I2C2_IRQHandler
                0x00004c54      0x28c ./Source/FreeRTOS-Products/FreeRTOS-Plus-IO/Device/LPC17xx/FreeRTOS_lpc17xx_i2c.o
                0x00004c54                I2C2_IRQHandler
 .text.NVIC_EnableIRQ
                0x00004ee0       0x30 ./Source/FreeRTOS-Products/FreeRTOS-Plus-IO/Device/LPC17xx/FreeRTOS_lpc17xx_uart.o
 .text.NVIC_DisableIRQ
                0x00004f10       0x34 ./Source/FreeRTOS-Products/FreeRTOS-Plus-IO/Device/LPC17xx/FreeRTOS_lpc17xx_uart.o
 .text.NVIC_SetPriority
                0x00004f44       0x54 ./Source/FreeRTOS-Products/FreeRTOS-Plus-IO/Device/LPC17xx/FreeRTOS_lpc17xx_uart.o
 .text.Chip_UART_IntEnable
                0x00004f98       0x20 ./Source/FreeRTOS-Products/FreeRTOS-Plus-IO/Device/LPC17xx/FreeRTOS_lpc17xx_uart.o
 .text.Chip_UART_IntDisable
                0x00004fb8       0x24 ./Source/FreeRTOS-Products/FreeRTOS-Plus-IO/Device/LPC17xx/FreeRTOS_lpc17xx_uart.o
 .text.Chip_UART_SetupFIFOS
                0x00004fdc       0x1c ./Source/FreeRTOS-Products/FreeRTOS-Plus-IO/Device/LPC17xx/FreeRTOS_lpc17xx_uart.o
 .text.Chip_UART_ConfigData
                0x00004ff8       0x1c ./Source/FreeRTOS-Products/FreeRTOS-Plus-IO/Device/LPC17xx/FreeRTOS_lpc17xx_uart.o
 .text.FreeRTOS_UART_open
                0x00005014       0xbc ./Source/FreeRTOS-Products/FreeRTOS-Plus-IO/Device/LPC17xx/FreeRTOS_lpc17xx_uart.o
                0x00005014                FreeRTOS_UART_open
 .text.FreeRTOS_UART_write
                0x000050d0      0x1d0 ./Source/FreeRTOS-Products/FreeRTOS-Plus-IO/Device/LPC17xx/FreeRTOS_lpc17xx_uart.o
                0x000050d0                FreeRTOS_UART_write
 .text.FreeRTOS_UART_read
                0x000052a0      0x198 ./Source/FreeRTOS-Products/FreeRTOS-Plus-IO/Device/LPC17xx/FreeRTOS_lpc17xx_uart.o
                0x000052a0                FreeRTOS_UART_read
 .text.prvFillFifoFromBuffer
                0x00005438       0x54 ./Source/FreeRTOS-Products/FreeRTOS-Plus-IO/Device/LPC17xx/FreeRTOS_lpc17xx_uart.o
 .text.FreeRTOS_UART_ioctl
                0x0000548c       0xf8 ./Source/FreeRTOS-Products/FreeRTOS-Plus-IO/Device/LPC17xx/FreeRTOS_lpc17xx_uart.o
                0x0000548c                FreeRTOS_UART_ioctl
 .text.UART3_IRQHandler
                0x00005584      0x34c ./Source/FreeRTOS-Products/FreeRTOS-Plus-IO/Device/LPC17xx/FreeRTOS_lpc17xx_uart.o
                0x00005584                UART3_IRQHandler
 .text.FreeRTOS_open
                0x000058d0      0x100 ./Source/FreeRTOS-Products/FreeRTOS-Plus-IO/Common/FreeRTOS_DriverInterface.o
                0x000058d0                FreeRTOS_open
 .text.FreeRTOSGenericioctl
                0x000059d0      0x1e8 ./Source/FreeRTOS-Products/FreeRTOS-Plus-IO/Common/FreeRTOS_DriverInterface.o
                0x000059d0                FreeRTOSGenericioctl
 .text.vIOUtilsCreateTransferControlStructure
                0x00005bb8       0xb4 ./Source/FreeRTOS-Products/FreeRTOS-Plus-IO/Common/FreeRTOS_IOUtils.o
                0x00005bb8                vIOUtilsCreateTransferControlStructure
 .text.xIOUtilsSetTxQueueTimeout
                0x00005c6c       0x28 ./Source/FreeRTOS-Products/FreeRTOS-Plus-IO/Common/IOUtils_CharQueueTxAndRx.o
                0x00005c6c                xIOUtilsSetTxQueueTimeout
 .text.vIOUtilsSetRxQueueTimeout
                0x00005c94       0x28 ./Source/FreeRTOS-Products/FreeRTOS-Plus-IO/Common/IOUtils_CharQueueTxAndRx.o
                0x00005c94                vIOUtilsSetRxQueueTimeout
 .text.xIOUtilsConfigureTransferQueue
                0x00005cbc       0xc0 ./Source/FreeRTOS-Products/FreeRTOS-Plus-IO/Common/IOUtils_CharQueueTxAndRx.o
                0x00005cbc                xIOUtilsConfigureTransferQueue
 .text.xIOUtilsReceiveCharsFromRxQueue
                0x00005d7c       0x78 ./Source/FreeRTOS-Products/FreeRTOS-Plus-IO/Common/IOUtils_CharQueueTxAndRx.o
                0x00005d7c                xIOUtilsReceiveCharsFromRxQueue
 .text.xIOUtilsWaitTxQueueEmpty
                0x00005df4       0x68 ./Source/FreeRTOS-Products/FreeRTOS-Plus-IO/Common/IOUtils_CharQueueTxAndRx.o
                0x00005df4                xIOUtilsWaitTxQueueEmpty
 .text.xIOUtilsClearRxCharQueue
                0x00005e5c       0x34 ./Source/FreeRTOS-Products/FreeRTOS-Plus-IO/Common/IOUtils_CharQueueTxAndRx.o
                0x00005e5c                xIOUtilsClearRxCharQueue
 .text.xIOUtilsConfigureCircularBufferRx
                0x00005e90       0xf4 ./Source/FreeRTOS-Products/FreeRTOS-Plus-IO/Common/IOUtils_CircularBufferRx.o
                0x00005e90                xIOUtilsConfigureCircularBufferRx
 .text.vIOUtilsClearRxCircularBuffer
                0x00005f84       0x40 ./Source/FreeRTOS-Products/FreeRTOS-Plus-IO/Common/IOUtils_CircularBufferRx.o
                0x00005f84                vIOUtilsClearRxCircularBuffer
 .text.xIOUtilsReadCharsFromCircularBuffer
                0x00005fc4      0x100 ./Source/FreeRTOS-Products/FreeRTOS-Plus-IO/Common/IOUtils_CircularBufferRx.o
                0x00005fc4                xIOUtilsReadCharsFromCircularBuffer
 .text.vIOUtilsSetCircularBufferTimeout
                0x000060c4       0x28 ./Source/FreeRTOS-Products/FreeRTOS-Plus-IO/Common/IOUtils_CircularBufferRx.o
                0x000060c4                vIOUtilsSetCircularBufferTimeout
 .text.Chip_UART_IntEnable
                0x000060ec       0x20 ./Source/FreeRTOS-Products/FreeRTOS-Plus-IO/Common/IOUtils_TaskNotification_TxAndRx.o
 .text.Chip_UART_IntDisable
                0x0000610c       0x24 ./Source/FreeRTOS-Products/FreeRTOS-Plus-IO/Common/IOUtils_TaskNotification_TxAndRx.o
 .text.xIOUtilsConfigureTasknotificationCircularBuffer
                0x00006130       0xd4 ./Source/FreeRTOS-Products/FreeRTOS-Plus-IO/Common/IOUtils_TaskNotification_TxAndRx.o
                0x00006130                xIOUtilsConfigureTasknotificationCircularBuffer
 .text.vIOUtilsClearTasknotificationRxCircularBuffer
                0x00006204       0x34 ./Source/FreeRTOS-Products/FreeRTOS-Plus-IO/Common/IOUtils_TaskNotification_TxAndRx.o
                0x00006204                vIOUtilsClearTasknotificationRxCircularBuffer
 .text.xIOUtilsReadCharsFromTaskNotificationCircularBuffer
                0x00006238      0x100 ./Source/FreeRTOS-Products/FreeRTOS-Plus-IO/Common/IOUtils_TaskNotification_TxAndRx.o
                0x00006238                xIOUtilsReadCharsFromTaskNotificationCircularBuffer
 .text.xIOUtilsWriteCharsintoTaskNotificationCircularBuffer
                0x00006338      0x124 ./Source/FreeRTOS-Products/FreeRTOS-Plus-IO/Common/IOUtils_TaskNotification_TxAndRx.o
                0x00006338                xIOUtilsWriteCharsintoTaskNotificationCircularBuffer
 .text.ioutilsTRANSMIT_TO_TASKNOTIFICATION_CIRCULAR_BUFFER
                0x0000645c      0x134 ./Source/FreeRTOS-Products/FreeRTOS-Plus-IO/Common/IOUtils_TaskNotification_TxAndRx.o
                0x0000645c                ioutilsTRANSMIT_TO_TASKNOTIFICATION_CIRCULAR_BUFFER
 .text.xIOUtilsConfigureZeroCopyTx
                0x00006590       0xa0 ./Source/FreeRTOS-Products/FreeRTOS-Plus-IO/Common/IOUtils_ZeroCopyTx.o
                0x00006590                xIOUtilsConfigureZeroCopyTx
 .text.xIOUtilsGetZeroCopyWriteMutex
                0x00006630       0x60 ./Source/FreeRTOS-Products/FreeRTOS-Plus-IO/Common/IOUtils_ZeroCopyTx.o
                0x00006630                xIOUtilsGetZeroCopyWriteMutex
 .text.xIOUtilsReleaseZeroCopyWriteMutex
                0x00006690       0x40 ./Source/FreeRTOS-Products/FreeRTOS-Plus-IO/Common/IOUtils_ZeroCopyTx.o
                0x00006690                xIOUtilsReleaseZeroCopyWriteMutex
 .text.FreeRTOS_CLIProcessCommand
                0x000066d0      0x10c ./Source/FreeRTOS-Products/FreeRTOS-Plus-CLI/FreeRTOS_CLI.o
                0x000066d0                FreeRTOS_CLIProcessCommand
 .text.FreeRTOS_CLIGetOutputBuffer
                0x000067dc       0x14 ./Source/FreeRTOS-Products/FreeRTOS-Plus-CLI/FreeRTOS_CLI.o
                0x000067dc                FreeRTOS_CLIGetOutputBuffer
 .text.prvHelpCommand
                0x000067f0       0x5c ./Source/FreeRTOS-Products/FreeRTOS-Plus-CLI/FreeRTOS_CLI.o
 .text.prvGetNumberOfParameters
                0x0000684c       0x64 ./Source/FreeRTOS-Products/FreeRTOS-Plus-CLI/FreeRTOS_CLI.o
 .text.vListInitialise
                0x000068b0       0x40 ./Source/FreeRTOS-Products/FreeRTOS/list.o
                0x000068b0                vListInitialise
 .text.vListInitialiseItem
                0x000068f0       0x18 ./Source/FreeRTOS-Products/FreeRTOS/list.o
                0x000068f0                vListInitialiseItem
 .text.vListInsertEnd
                0x00006908       0x48 ./Source/FreeRTOS-Products/FreeRTOS/list.o
                0x00006908                vListInsertEnd
 .text.vListInsert
                0x00006950       0x70 ./Source/FreeRTOS-Products/FreeRTOS/list.o
                0x00006950                vListInsert
 .text.uxListRemove
                0x000069c0       0x54 ./Source/FreeRTOS-Products/FreeRTOS/list.o
                0x000069c0                uxListRemove
 .text.prvIdleTask
                0x00006a14       0x14 ./Source/FreeRTOS-Products/FreeRTOS/tasks.o
 .text.prvResetNextTaskUnblockTime
                0x00006a28       0x48 ./Source/FreeRTOS-Products/FreeRTOS/tasks.o
 .text.prvWriteNameToBuffer
                0x00006a70       0x4c ./Source/FreeRTOS-Products/FreeRTOS/tasks.o
 .text.vUARTCommandConsoleStart
                0x00006abc       0x38 ./Source/Examples/UART/UART-interrupt-driven-command-console.o
                0x00006abc                vUARTCommandConsoleStart
 .text.prvUARTCommandConsoleTask
                0x00006af4      0x228 ./Source/Examples/UART/UART-interrupt-driven-command-console.o
 .text.vPrintString
                0x00006d1c       0x30 ./Source/Examples/Semihosting/basic_io.o
                0x00006d1c                vPrintString
 .text.vPrintStringAndNumber
                0x00006d4c       0x38 ./Source/Examples/Semihosting/basic_io.o
                0x00006d4c                vPrintStringAndNumber
 .text.consoleprint
                0x00006d84       0x28 ./Source/Examples/Semihosting/consoleprint.o
                0x00006d84                consoleprint
 .text.HardFault_Handler
                0x00006dac       0xa4 ./Source/cr_startup_lpc175x_6x.o
                0x00006dac                HardFault_Handler
 .text.NVIC_SetPriorityGrouping
                0x00006e50       0x48 ./Source/main.o
 .text.main     0x00006e98       0x44 ./Source/main.o
                0x00006e98                main
 .text.vMainConfigureTimerForRunTimeStats
                0x00006edc       0x28 ./Source/main.o
                0x00006edc                vMainConfigureTimerForRunTimeStats
 .text.ulMainGetRunTimeCounterValue
                0x00006f04       0x8c ./Source/main.o
                0x00006f04                ulMainGetRunTimeCounterValue
 .text.vApplicationStackOverflowHook
                0x00006f90       0x14 ./Source/main.o
                0x00006f90                vApplicationStackOverflowHook
 .text.vApplicationMallocFailedHook
                0x00006fa4       0x10 ./Source/main.o
                0x00006fa4                vApplicationMallocFailedHook
 .text.vApplicationIdleHook
                0x00006fb4        0xc ./Source/main.o
                0x00006fb4                vApplicationIdleHook
 .text.SystemInit
                0x00006fc0       0x24 ./Source/sysinit.o
                0x00006fc0                SystemInit
 .text.Chip_IOCON_EnableOD
                0x00006fe4       0x38 /home/jaguar/Downloads/FreeRTOS_demos/Openthis-proj-with-lpcxpresso7.8/MPU_cmdLine/lpc_board_nxp_lpcxpresso_1769/Debug/liblpc_board_nxp_lpcxpresso_1769.a(board.o)
 .text.Chip_IOCON_SetI2CPad
                0x0000701c       0x1c /home/jaguar/Downloads/FreeRTOS_demos/Openthis-proj-with-lpcxpresso7.8/MPU_cmdLine/lpc_board_nxp_lpcxpresso_1769/Debug/liblpc_board_nxp_lpcxpresso_1769.a(board.o)
 .text.Board_I2C_Init
                0x00007038       0xb8 /home/jaguar/Downloads/FreeRTOS_demos/Openthis-proj-with-lpcxpresso7.8/MPU_cmdLine/lpc_board_nxp_lpcxpresso_1769/Debug/liblpc_board_nxp_lpcxpresso_1769.a(board.o)
                0x00007038                Board_I2C_Init
 .text.Chip_SYSCTL_SetFLASHAccess
                0x000070f0       0x30 /home/jaguar/Downloads/FreeRTOS_demos/Openthis-proj-with-lpcxpresso7.8/MPU_cmdLine/lpc_board_nxp_lpcxpresso_1769/Debug/liblpc_board_nxp_lpcxpresso_1769.a(board_sysinit.o)
 .text.Board_SetupMuxing
                0x00007120       0x18 /home/jaguar/Downloads/FreeRTOS_demos/Openthis-proj-with-lpcxpresso7.8/MPU_cmdLine/lpc_board_nxp_lpcxpresso_1769/Debug/liblpc_board_nxp_lpcxpresso_1769.a(board_sysinit.o)
                0x00007120                Board_SetupMuxing
 .text.Board_SetupClocking
                0x00007138       0x10 /home/jaguar/Downloads/FreeRTOS_demos/Openthis-proj-with-lpcxpresso7.8/MPU_cmdLine/lpc_board_nxp_lpcxpresso_1769/Debug/liblpc_board_nxp_lpcxpresso_1769.a(board_sysinit.o)
                0x00007138                Board_SetupClocking
 .text.Board_SystemInit
                0x00007148       0x10 /home/jaguar/Downloads/FreeRTOS_demos/Openthis-proj-with-lpcxpresso7.8/MPU_cmdLine/lpc_board_nxp_lpcxpresso_1769/Debug/liblpc_board_nxp_lpcxpresso_1769.a(board_sysinit.o)
                0x00007148                Board_SystemInit
 .text.Chip_Clock_IsMainPLLEnabled
                0x00007158       0x28 /home/jaguar/Downloads/FreeRTOS_demos/Openthis-proj-with-lpcxpresso7.8/MPU_cmdLine/lpc_chip_175x_6x/Debug/liblpc_chip_175x_6x.a(clock_17xx_40xx.o)
 .text.Chip_Clock_IsMainPLLConnected
                0x00007180       0x28 /home/jaguar/Downloads/FreeRTOS_demos/Openthis-proj-with-lpcxpresso7.8/MPU_cmdLine/lpc_chip_175x_6x/Debug/liblpc_chip_175x_6x.a(clock_17xx_40xx.o)
 .text.Chip_Clock_FeedPLL
                0x000071a8       0x34 /home/jaguar/Downloads/FreeRTOS_demos/Openthis-proj-with-lpcxpresso7.8/MPU_cmdLine/lpc_chip_175x_6x/Debug/liblpc_chip_175x_6x.a(clock_17xx_40xx.o)
 .text.Chip_Clock_GetMainPLLSource
                0x000071dc       0x20 /home/jaguar/Downloads/FreeRTOS_demos/Openthis-proj-with-lpcxpresso7.8/MPU_cmdLine/lpc_chip_175x_6x/Debug/liblpc_chip_175x_6x.a(clock_17xx_40xx.o)
 .text.Chip_Clock_GetMainOscRate
                0x000071fc       0x18 /home/jaguar/Downloads/FreeRTOS_demos/Openthis-proj-with-lpcxpresso7.8/MPU_cmdLine/lpc_chip_175x_6x/Debug/liblpc_chip_175x_6x.a(clock_17xx_40xx.o)
 .text.Chip_Clock_GetIntOscRate
                0x00007214       0x14 /home/jaguar/Downloads/FreeRTOS_demos/Openthis-proj-with-lpcxpresso7.8/MPU_cmdLine/lpc_chip_175x_6x/Debug/liblpc_chip_175x_6x.a(clock_17xx_40xx.o)
 .text.Chip_Clock_GetRTCOscRate
                0x00007228       0x18 /home/jaguar/Downloads/FreeRTOS_demos/Openthis-proj-with-lpcxpresso7.8/MPU_cmdLine/lpc_chip_175x_6x/Debug/liblpc_chip_175x_6x.a(clock_17xx_40xx.o)
 .text.Chip_Clock_GetMainPLLInClockRate
                0x00007240       0x10 /home/jaguar/Downloads/FreeRTOS_demos/Openthis-proj-with-lpcxpresso7.8/MPU_cmdLine/lpc_chip_175x_6x/Debug/liblpc_chip_175x_6x.a(clock_17xx_40xx.o)
 .text.Chip_Clock_EnablePLL
                0x00007250       0x44 /home/jaguar/Downloads/FreeRTOS_demos/Openthis-proj-with-lpcxpresso7.8/MPU_cmdLine/lpc_chip_175x_6x/Debug/liblpc_chip_175x_6x.a(clock_17xx_40xx.o)
                0x00007250                Chip_Clock_EnablePLL
 .text.Chip_Clock_DisablePLL
                0x00007294       0x44 /home/jaguar/Downloads/FreeRTOS_demos/Openthis-proj-with-lpcxpresso7.8/MPU_cmdLine/lpc_chip_175x_6x/Debug/liblpc_chip_175x_6x.a(clock_17xx_40xx.o)
                0x00007294                Chip_Clock_DisablePLL
 .text.Chip_Clock_SetupPLL
                0x000072d8       0x58 /home/jaguar/Downloads/FreeRTOS_demos/Openthis-proj-with-lpcxpresso7.8/MPU_cmdLine/lpc_chip_175x_6x/Debug/liblpc_chip_175x_6x.a(clock_17xx_40xx.o)
                0x000072d8                Chip_Clock_SetupPLL
 .text.Chip_Clock_EnablePeriphClock
                0x00007330       0x34 /home/jaguar/Downloads/FreeRTOS_demos/Openthis-proj-with-lpcxpresso7.8/MPU_cmdLine/lpc_chip_175x_6x/Debug/liblpc_chip_175x_6x.a(clock_17xx_40xx.o)
                0x00007330                Chip_Clock_EnablePeriphClock
 .text.Chip_Clock_GetCPUClockSource
                0x00007364       0x24 /home/jaguar/Downloads/FreeRTOS_demos/Openthis-proj-with-lpcxpresso7.8/MPU_cmdLine/lpc_chip_175x_6x/Debug/liblpc_chip_175x_6x.a(clock_17xx_40xx.o)
                0x00007364                Chip_Clock_GetCPUClockSource
 .text.Chip_Clock_SetCPUClockDiv
                0x00007388       0x20 /home/jaguar/Downloads/FreeRTOS_demos/Openthis-proj-with-lpcxpresso7.8/MPU_cmdLine/lpc_chip_175x_6x/Debug/liblpc_chip_175x_6x.a(clock_17xx_40xx.o)
                0x00007388                Chip_Clock_SetCPUClockDiv
 .text.Chip_Clock_GetCPUClockDiv
                0x000073a8       0x1c /home/jaguar/Downloads/FreeRTOS_demos/Openthis-proj-with-lpcxpresso7.8/MPU_cmdLine/lpc_chip_175x_6x/Debug/liblpc_chip_175x_6x.a(clock_17xx_40xx.o)
                0x000073a8                Chip_Clock_GetCPUClockDiv
 .text.Chip_Clock_GetPCLKDiv
                0x000073c4       0x90 /home/jaguar/Downloads/FreeRTOS_demos/Openthis-proj-with-lpcxpresso7.8/MPU_cmdLine/lpc_chip_175x_6x/Debug/liblpc_chip_175x_6x.a(clock_17xx_40xx.o)
                0x000073c4                Chip_Clock_GetPCLKDiv
 .text.Chip_Clock_GetSYSCLKRate
                0x00007454       0x34 /home/jaguar/Downloads/FreeRTOS_demos/Openthis-proj-with-lpcxpresso7.8/MPU_cmdLine/lpc_chip_175x_6x/Debug/liblpc_chip_175x_6x.a(clock_17xx_40xx.o)
                0x00007454                Chip_Clock_GetSYSCLKRate
 .text.Chip_Clock_GetMainPLLOutClockRate
                0x00007488       0x54 /home/jaguar/Downloads/FreeRTOS_demos/Openthis-proj-with-lpcxpresso7.8/MPU_cmdLine/lpc_chip_175x_6x/Debug/liblpc_chip_175x_6x.a(clock_17xx_40xx.o)
                0x00007488                Chip_Clock_GetMainPLLOutClockRate
 .text.Chip_Clock_GetMainClockRate
                0x000074dc       0x28 /home/jaguar/Downloads/FreeRTOS_demos/Openthis-proj-with-lpcxpresso7.8/MPU_cmdLine/lpc_chip_175x_6x/Debug/liblpc_chip_175x_6x.a(clock_17xx_40xx.o)
                0x000074dc                Chip_Clock_GetMainClockRate
 .text.Chip_Clock_GetSystemClockRate
                0x00007504       0x18 /home/jaguar/Downloads/FreeRTOS_demos/Openthis-proj-with-lpcxpresso7.8/MPU_cmdLine/lpc_chip_175x_6x/Debug/liblpc_chip_175x_6x.a(clock_17xx_40xx.o)
                0x00007504                Chip_Clock_GetSystemClockRate
 .text.Chip_Clock_GetPeripheralClockRate
                0x0000751c       0x28 /home/jaguar/Downloads/FreeRTOS_demos/Openthis-proj-with-lpcxpresso7.8/MPU_cmdLine/lpc_chip_175x_6x/Debug/liblpc_chip_175x_6x.a(clock_17xx_40xx.o)
                0x0000751c                Chip_Clock_GetPeripheralClockRate
 .text.enableClk
                0x00007544       0x2c /home/jaguar/Downloads/FreeRTOS_demos/Openthis-proj-with-lpcxpresso7.8/MPU_cmdLine/lpc_chip_175x_6x/Debug/liblpc_chip_175x_6x.a(i2c_17xx_40xx.o)
 .text.getClkRate
                0x00007570       0x24 /home/jaguar/Downloads/FreeRTOS_demos/Openthis-proj-with-lpcxpresso7.8/MPU_cmdLine/lpc_chip_175x_6x/Debug/liblpc_chip_175x_6x.a(i2c_17xx_40xx.o)
 .text.startMasterXfer
                0x00007594       0x20 /home/jaguar/Downloads/FreeRTOS_demos/Openthis-proj-with-lpcxpresso7.8/MPU_cmdLine/lpc_chip_175x_6x/Debug/liblpc_chip_175x_6x.a(i2c_17xx_40xx.o)
 .text.startSlaverXfer
                0x000075b4       0x20 /home/jaguar/Downloads/FreeRTOS_demos/Openthis-proj-with-lpcxpresso7.8/MPU_cmdLine/lpc_chip_175x_6x/Debug/liblpc_chip_175x_6x.a(i2c_17xx_40xx.o)
 .text.isI2CBusFree
                0x000075d4       0x28 /home/jaguar/Downloads/FreeRTOS_demos/Openthis-proj-with-lpcxpresso7.8/MPU_cmdLine/lpc_chip_175x_6x/Debug/liblpc_chip_175x_6x.a(i2c_17xx_40xx.o)
 .text.getCurState
                0x000075fc       0x1c /home/jaguar/Downloads/FreeRTOS_demos/Openthis-proj-with-lpcxpresso7.8/MPU_cmdLine/lpc_chip_175x_6x/Debug/liblpc_chip_175x_6x.a(i2c_17xx_40xx.o)
 .text.handleMasterXferState
                0x00007618      0x284 /home/jaguar/Downloads/FreeRTOS_demos/Openthis-proj-with-lpcxpresso7.8/MPU_cmdLine/lpc_chip_175x_6x/Debug/liblpc_chip_175x_6x.a(i2c_17xx_40xx.o)
                0x00007618                handleMasterXferState
 .text.Chip_I2C_EventHandler
                0x0000789c       0x4c /home/jaguar/Downloads/FreeRTOS_demos/Openthis-proj-with-lpcxpresso7.8/MPU_cmdLine/lpc_chip_175x_6x/Debug/liblpc_chip_175x_6x.a(i2c_17xx_40xx.o)
                0x0000789c                Chip_I2C_EventHandler
 .text.Chip_I2C_EventHandlerPolling
                0x000078e8       0x5c /home/jaguar/Downloads/FreeRTOS_demos/Openthis-proj-with-lpcxpresso7.8/MPU_cmdLine/lpc_chip_175x_6x/Debug/liblpc_chip_175x_6x.a(i2c_17xx_40xx.o)
                0x000078e8                Chip_I2C_EventHandlerPolling
 .text.Chip_I2C_Init
                0x00007944       0x30 /home/jaguar/Downloads/FreeRTOS_demos/Openthis-proj-with-lpcxpresso7.8/MPU_cmdLine/lpc_chip_175x_6x/Debug/liblpc_chip_175x_6x.a(i2c_17xx_40xx.o)
                0x00007944                Chip_I2C_Init
 .text.Chip_I2C_SetClockRate
                0x00007974       0x68 /home/jaguar/Downloads/FreeRTOS_demos/Openthis-proj-with-lpcxpresso7.8/MPU_cmdLine/lpc_chip_175x_6x/Debug/liblpc_chip_175x_6x.a(i2c_17xx_40xx.o)
                0x00007974                Chip_I2C_SetClockRate
 .text.Chip_I2C_SetMasterEventHandler
                0x000079dc       0x4c /home/jaguar/Downloads/FreeRTOS_demos/Openthis-proj-with-lpcxpresso7.8/MPU_cmdLine/lpc_chip_175x_6x/Debug/liblpc_chip_175x_6x.a(i2c_17xx_40xx.o)
                0x000079dc                Chip_I2C_SetMasterEventHandler
 .text.Chip_I2C_MasterTransfer
                0x00007a28       0x9c /home/jaguar/Downloads/FreeRTOS_demos/Openthis-proj-with-lpcxpresso7.8/MPU_cmdLine/lpc_chip_175x_6x/Debug/liblpc_chip_175x_6x.a(i2c_17xx_40xx.o)
                0x00007a28                Chip_I2C_MasterTransfer
 .text.Chip_I2C_MasterSend
                0x00007ac4       0x70 /home/jaguar/Downloads/FreeRTOS_demos/Openthis-proj-with-lpcxpresso7.8/MPU_cmdLine/lpc_chip_175x_6x/Debug/liblpc_chip_175x_6x.a(i2c_17xx_40xx.o)
                0x00007ac4                Chip_I2C_MasterSend
 .text.Chip_I2C_MasterRead
                0x00007b34       0x6c /home/jaguar/Downloads/FreeRTOS_demos/Openthis-proj-with-lpcxpresso7.8/MPU_cmdLine/lpc_chip_175x_6x/Debug/liblpc_chip_175x_6x.a(i2c_17xx_40xx.o)
                0x00007b34                Chip_I2C_MasterRead
 .text.Chip_I2C_MasterStateHandler
                0x00007ba0       0x5c /home/jaguar/Downloads/FreeRTOS_demos/Openthis-proj-with-lpcxpresso7.8/MPU_cmdLine/lpc_chip_175x_6x/Debug/liblpc_chip_175x_6x.a(i2c_17xx_40xx.o)
                0x00007ba0                Chip_I2C_MasterStateHandler
 .text.Chip_I2C_IsStateChanged
                0x00007bfc       0x3c /home/jaguar/Downloads/FreeRTOS_demos/Openthis-proj-with-lpcxpresso7.8/MPU_cmdLine/lpc_chip_175x_6x/Debug/liblpc_chip_175x_6x.a(i2c_17xx_40xx.o)
                0x00007bfc                Chip_I2C_IsStateChanged
 .text.Chip_IOCON_PinMuxSet
                0x00007c38       0x34 /home/jaguar/Downloads/FreeRTOS_demos/Openthis-proj-with-lpcxpresso7.8/MPU_cmdLine/lpc_chip_175x_6x/Debug/liblpc_chip_175x_6x.a(iocon_17xx_40xx.o)
                0x00007c38                Chip_IOCON_PinMuxSet
 .text.Chip_IOCON_PinMux
                0x00007c6c       0x94 /home/jaguar/Downloads/FreeRTOS_demos/Openthis-proj-with-lpcxpresso7.8/MPU_cmdLine/lpc_chip_175x_6x/Debug/liblpc_chip_175x_6x.a(iocon_17xx_40xx.o)
                0x00007c6c                Chip_IOCON_PinMux
 .text.Chip_IOCON_SetPinMuxing
                0x00007d00       0x60 /home/jaguar/Downloads/FreeRTOS_demos/Openthis-proj-with-lpcxpresso7.8/MPU_cmdLine/lpc_chip_175x_6x/Debug/liblpc_chip_175x_6x.a(iocon_17xx_40xx.o)
                0x00007d00                Chip_IOCON_SetPinMuxing
 .text.Chip_Clock_IsMainPLLEnabled
                0x00007d60       0x28 /home/jaguar/Downloads/FreeRTOS_demos/Openthis-proj-with-lpcxpresso7.8/MPU_cmdLine/lpc_chip_175x_6x/Debug/liblpc_chip_175x_6x.a(sysinit_17xx_40xx.o)
 .text.Chip_Clock_IsMainPLLLocked
                0x00007d88       0x28 /home/jaguar/Downloads/FreeRTOS_demos/Openthis-proj-with-lpcxpresso7.8/MPU_cmdLine/lpc_chip_175x_6x/Debug/liblpc_chip_175x_6x.a(sysinit_17xx_40xx.o)
 .text.Chip_Clock_IsMainPLLConnected
                0x00007db0       0x28 /home/jaguar/Downloads/FreeRTOS_demos/Openthis-proj-with-lpcxpresso7.8/MPU_cmdLine/lpc_chip_175x_6x/Debug/liblpc_chip_175x_6x.a(sysinit_17xx_40xx.o)
 .text.Chip_Clock_EnableCrystal
                0x00007dd8       0x20 /home/jaguar/Downloads/FreeRTOS_demos/Openthis-proj-with-lpcxpresso7.8/MPU_cmdLine/lpc_chip_175x_6x/Debug/liblpc_chip_175x_6x.a(sysinit_17xx_40xx.o)
 .text.Chip_Clock_IsCrystalEnabled
                0x00007df8       0x28 /home/jaguar/Downloads/FreeRTOS_demos/Openthis-proj-with-lpcxpresso7.8/MPU_cmdLine/lpc_chip_175x_6x/Debug/liblpc_chip_175x_6x.a(sysinit_17xx_40xx.o)
 .text.Chip_Clock_SetMainPLLSource
                0x00007e20       0x20 /home/jaguar/Downloads/FreeRTOS_demos/Openthis-proj-with-lpcxpresso7.8/MPU_cmdLine/lpc_chip_175x_6x/Debug/liblpc_chip_175x_6x.a(sysinit_17xx_40xx.o)
 .text.Chip_SetupXtalClocking
                0x00007e40       0x90 /home/jaguar/Downloads/FreeRTOS_demos/Openthis-proj-with-lpcxpresso7.8/MPU_cmdLine/lpc_chip_175x_6x/Debug/liblpc_chip_175x_6x.a(sysinit_17xx_40xx.o)
                0x00007e40                Chip_SetupXtalClocking
 .text.Chip_UART_SendByte
                0x00007ed0       0x1c /home/jaguar/Downloads/FreeRTOS_demos/Openthis-proj-with-lpcxpresso7.8/MPU_cmdLine/lpc_chip_175x_6x/Debug/liblpc_chip_175x_6x.a(uart_17xx_40xx.o)
 .text.Chip_UART_ReadByte
                0x00007eec       0x1c /home/jaguar/Downloads/FreeRTOS_demos/Openthis-proj-with-lpcxpresso7.8/MPU_cmdLine/lpc_chip_175x_6x/Debug/liblpc_chip_175x_6x.a(uart_17xx_40xx.o)
 .text.Chip_UART_SetupFIFOS
                0x00007f08       0x1c /home/jaguar/Downloads/FreeRTOS_demos/Openthis-proj-with-lpcxpresso7.8/MPU_cmdLine/lpc_chip_175x_6x/Debug/liblpc_chip_175x_6x.a(uart_17xx_40xx.o)
 .text.Chip_UART_ConfigData
                0x00007f24       0x1c /home/jaguar/Downloads/FreeRTOS_demos/Openthis-proj-with-lpcxpresso7.8/MPU_cmdLine/lpc_chip_175x_6x/Debug/liblpc_chip_175x_6x.a(uart_17xx_40xx.o)
 .text.Chip_UART_EnableDivisorAccess
                0x00007f40       0x20 /home/jaguar/Downloads/FreeRTOS_demos/Openthis-proj-with-lpcxpresso7.8/MPU_cmdLine/lpc_chip_175x_6x/Debug/liblpc_chip_175x_6x.a(uart_17xx_40xx.o)
 .text.Chip_UART_DisableDivisorAccess
                0x00007f60       0x20 /home/jaguar/Downloads/FreeRTOS_demos/Openthis-proj-with-lpcxpresso7.8/MPU_cmdLine/lpc_chip_175x_6x/Debug/liblpc_chip_175x_6x.a(uart_17xx_40xx.o)
 .text.Chip_UART_SetDivisorLatches
                0x00007f80       0x28 /home/jaguar/Downloads/FreeRTOS_demos/Openthis-proj-with-lpcxpresso7.8/MPU_cmdLine/lpc_chip_175x_6x/Debug/liblpc_chip_175x_6x.a(uart_17xx_40xx.o)
 .text.Chip_UART_ReadLineStatus
                0x00007fa8       0x18 /home/jaguar/Downloads/FreeRTOS_demos/Openthis-proj-with-lpcxpresso7.8/MPU_cmdLine/lpc_chip_175x_6x/Debug/liblpc_chip_175x_6x.a(uart_17xx_40xx.o)
 .text.Chip_UART_GetClockIndex
                0x00007fc0       0x50 /home/jaguar/Downloads/FreeRTOS_demos/Openthis-proj-with-lpcxpresso7.8/MPU_cmdLine/lpc_chip_175x_6x/Debug/liblpc_chip_175x_6x.a(uart_17xx_40xx.o)
 .text.Chip_UART_GetClkIndex
                0x00008010       0x50 /home/jaguar/Downloads/FreeRTOS_demos/Openthis-proj-with-lpcxpresso7.8/MPU_cmdLine/lpc_chip_175x_6x/Debug/liblpc_chip_175x_6x.a(uart_17xx_40xx.o)
 .text.Chip_UART_Init
                0x00008060       0x74 /home/jaguar/Downloads/FreeRTOS_demos/Openthis-proj-with-lpcxpresso7.8/MPU_cmdLine/lpc_chip_175x_6x/Debug/liblpc_chip_175x_6x.a(uart_17xx_40xx.o)
                0x00008060                Chip_UART_Init
 .text.Chip_UART_TXEnable
                0x000080d4       0x18 /home/jaguar/Downloads/FreeRTOS_demos/Openthis-proj-with-lpcxpresso7.8/MPU_cmdLine/lpc_chip_175x_6x/Debug/liblpc_chip_175x_6x.a(uart_17xx_40xx.o)
                0x000080d4                Chip_UART_TXEnable
 .text.Chip_UART_TXDisable
                0x000080ec       0x18 /home/jaguar/Downloads/FreeRTOS_demos/Openthis-proj-with-lpcxpresso7.8/MPU_cmdLine/lpc_chip_175x_6x/Debug/liblpc_chip_175x_6x.a(uart_17xx_40xx.o)
                0x000080ec                Chip_UART_TXDisable
 .text.Chip_UART_Send
                0x00008104       0x50 /home/jaguar/Downloads/FreeRTOS_demos/Openthis-proj-with-lpcxpresso7.8/MPU_cmdLine/lpc_chip_175x_6x/Debug/liblpc_chip_175x_6x.a(uart_17xx_40xx.o)
                0x00008104                Chip_UART_Send
 .text.Chip_UART_SendBlocking
                0x00008154       0x4c /home/jaguar/Downloads/FreeRTOS_demos/Openthis-proj-with-lpcxpresso7.8/MPU_cmdLine/lpc_chip_175x_6x/Debug/liblpc_chip_175x_6x.a(uart_17xx_40xx.o)
                0x00008154                Chip_UART_SendBlocking
 .text.Chip_UART_Read
                0x000081a0       0x54 /home/jaguar/Downloads/FreeRTOS_demos/Openthis-proj-with-lpcxpresso7.8/MPU_cmdLine/lpc_chip_175x_6x/Debug/liblpc_chip_175x_6x.a(uart_17xx_40xx.o)
                0x000081a0                Chip_UART_Read
 .text.Chip_UART_SetBaud
                0x000081f4       0x64 /home/jaguar/Downloads/FreeRTOS_demos/Openthis-proj-with-lpcxpresso7.8/MPU_cmdLine/lpc_chip_175x_6x/Debug/liblpc_chip_175x_6x.a(uart_17xx_40xx.o)
                0x000081f4                Chip_UART_SetBaud
 .text.__sys_write
                0x00008258        0xc /usr/local/lpcxpresso_7.8.0_426/lpcxpresso/tools/bin/../lib/gcc/arm-none-eabi/4.9.3/../../../../arm-none-eabi/lib/armv7-m/libcr_semihost.a(__sys_write.o)
                0x00008258                __write
                0x00008258                __sys_write
 .text.memcpy   0x00008264        0x4 /usr/local/lpcxpresso_7.8.0_426/lpcxpresso/tools/bin/../lib/gcc/arm-none-eabi/4.9.3/../../../../arm-none-eabi/lib/armv7-m/libcr_c.a(memcpy.o)
                0x00008264                memcpy
 .text.memset   0x00008268        0x4 /usr/local/lpcxpresso_7.8.0_426/lpcxpresso/tools/bin/../lib/gcc/arm-none-eabi/4.9.3/../../../../arm-none-eabi/lib/armv7-m/libcr_c.a(memset.o)
                0x00008268                memset
 .text.fp_round
                0x0000826c       0x4a /usr/local/lpcxpresso_7.8.0_426/lpcxpresso/tools/bin/../lib/gcc/arm-none-eabi/4.9.3/../../../../arm-none-eabi/lib/armv7-m/libcr_c.a(fpprintf.o)
 .text.pr_dec.constprop.1
                0x000082b6       0x26 /usr/local/lpcxpresso_7.8.0_426/lpcxpresso/tools/bin/../lib/gcc/arm-none-eabi/4.9.3/../../../../arm-none-eabi/lib/armv7-m/libcr_c.a(fpprintf.o)
 .text.sprintf  0x000082dc       0x6c /usr/local/lpcxpresso_7.8.0_426/lpcxpresso/tools/bin/../lib/gcc/arm-none-eabi/4.9.3/../../../../arm-none-eabi/lib/armv7-m/libcr_c.a(fpprintf.o)
                0x000082dc                sprintf
 .text.fp_display
                0x00008348      0x900 /usr/local/lpcxpresso_7.8.0_426/lpcxpresso/tools/bin/../lib/gcc/arm-none-eabi/4.9.3/../../../../arm-none-eabi/lib/armv7-m/libcr_c.a(fpprintf.o)
 .text.vsnprintf
                0x00008c48       0x5c /usr/local/lpcxpresso_7.8.0_426/lpcxpresso/tools/bin/../lib/gcc/arm-none-eabi/4.9.3/../../../../arm-none-eabi/lib/armv7-m/libcr_c.a(fpprintf.o)
                0x00008c48                vsnprintf
 .text.printf   0x00008ca4       0x54 /usr/local/lpcxpresso_7.8.0_426/lpcxpresso/tools/bin/../lib/gcc/arm-none-eabi/4.9.3/../../../../arm-none-eabi/lib/armv7-m/libcr_c.a(fpprintf.o)
                0x00008ca4                printf
 .text.__vfprintf
                0x00008cf8      0xca4 /usr/local/lpcxpresso_7.8.0_426/lpcxpresso/tools/bin/../lib/gcc/arm-none-eabi/4.9.3/../../../../arm-none-eabi/lib/armv7-m/libcr_c.a(printf.o)
                0x00008cf8                __vfprintf
 .text.strcmp   0x0000999c       0x44 /usr/local/lpcxpresso_7.8.0_426/lpcxpresso/tools/bin/../lib/gcc/arm-none-eabi/4.9.3/../../../../arm-none-eabi/lib/armv7-m/libcr_c.a(strcmp.o)
                0x0000999c                strcmp
 .text.strcpy   0x000099e0       0x42 /usr/local/lpcxpresso_7.8.0_426/lpcxpresso/tools/bin/../lib/gcc/arm-none-eabi/4.9.3/../../../../arm-none-eabi/lib/armv7-m/libcr_c.a(strcpy.o)
                0x000099e0                strcpy
 .text.strlen   0x00009a22       0x4a /usr/local/lpcxpresso_7.8.0_426/lpcxpresso/tools/bin/../lib/gcc/arm-none-eabi/4.9.3/../../../../arm-none-eabi/lib/armv7-m/libcr_c.a(strlen.o)
                0x00009a22                strlen
 .text.strncmp  0x00009a6c       0x56 /usr/local/lpcxpresso_7.8.0_426/lpcxpresso/tools/bin/../lib/gcc/arm-none-eabi/4.9.3/../../../../arm-none-eabi/lib/armv7-m/libcr_c.a(strncmp.o)
                0x00009a6c                strncmp
 .text.strncpy  0x00009ac2       0x58 /usr/local/lpcxpresso_7.8.0_426/lpcxpresso/tools/bin/../lib/gcc/arm-none-eabi/4.9.3/../../../../arm-none-eabi/lib/armv7-m/libcr_c.a(strncpy.o)
                0x00009ac2                strncpy
 .text._deferredlazyseek
                0x00009b1a       0x44 /usr/local/lpcxpresso_7.8.0_426/lpcxpresso/tools/bin/../lib/gcc/arm-none-eabi/4.9.3/../../../../arm-none-eabi/lib/armv7-m/libcr_c.a(_deferredlazyseek.o)
                0x00009b1a                _deferredlazyseek
 .text.__flsbuf
                0x00009b5e      0x142 /usr/local/lpcxpresso_7.8.0_426/lpcxpresso/tools/bin/../lib/gcc/arm-none-eabi/4.9.3/../../../../arm-none-eabi/lib/armv7-m/libcr_c.a(_deferredlazyseek.o)
                0x00009b5e                __flsbuf
 .text._fflush  0x00009ca0       0x58 /usr/local/lpcxpresso_7.8.0_426/lpcxpresso/tools/bin/../lib/gcc/arm-none-eabi/4.9.3/../../../../arm-none-eabi/lib/armv7-m/libcr_c.a(_fflush.o)
                0x00009ca0                _fflush
 .text._frexpl  0x00009cf8       0x5a /usr/local/lpcxpresso_7.8.0_426/lpcxpresso/tools/bin/../lib/gcc/arm-none-eabi/4.9.3/../../../../arm-none-eabi/lib/armv7-m/libcr_c.a(_frexpl.o)
                0x00009cf8                _frexpl
 *fill*         0x00009d52        0x2 
 .text._ldexpl  0x00009d54       0x4c /usr/local/lpcxpresso_7.8.0_426/lpcxpresso/tools/bin/../lib/gcc/arm-none-eabi/4.9.3/../../../../arm-none-eabi/lib/armv7-m/libcr_c.a(_ldexpl.o)
                0x00009d54                _ldexpl
 .text._Cwritebuf
                0x00009da0       0x68 /usr/local/lpcxpresso_7.8.0_426/lpcxpresso/tools/bin/../lib/gcc/arm-none-eabi/4.9.3/../../../../arm-none-eabi/lib/armv7-m/libcr_c.a(_writebuf.o)
                0x00009da0                _Cwritebuf
 .text.malloc   0x00009e08       0xcc /usr/local/lpcxpresso_7.8.0_426/lpcxpresso/tools/bin/../lib/gcc/arm-none-eabi/4.9.3/../../../../arm-none-eabi/lib/armv7-m/libcr_c.a(alloc.o)
                0x00009e08                malloc
 .text.free     0x00009ed4       0x30 /usr/local/lpcxpresso_7.8.0_426/lpcxpresso/tools/bin/../lib/gcc/arm-none-eabi/4.9.3/../../../../arm-none-eabi/lib/armv7-m/libcr_c.a(alloc.o)
                0x00009ed4                free
 .text._Csys_alloc
                0x00009f04       0x20 /usr/local/lpcxpresso_7.8.0_426/lpcxpresso/tools/bin/../lib/gcc/arm-none-eabi/4.9.3/../../../../arm-none-eabi/lib/armv7-m/libcr_c.a(alloc.o)
                0x00009f04                _Csys_alloc
 .text.fseek    0x00009f24      0x110 /usr/local/lpcxpresso_7.8.0_426/lpcxpresso/tools/bin/../lib/gcc/arm-none-eabi/4.9.3/../../../../arm-none-eabi/lib/armv7-m/libcr_c.a(fseek.o)
                0x00009f24                fseek
 .text.ftell    0x0000a034       0x4c /usr/local/lpcxpresso_7.8.0_426/lpcxpresso/tools/bin/../lib/gcc/arm-none-eabi/4.9.3/../../../../arm-none-eabi/lib/armv7-m/libcr_c.a(ftell.o)
                0x0000a034                ftell
 .text._sbrk    0x0000a080       0x40 /usr/local/lpcxpresso_7.8.0_426/lpcxpresso/tools/bin/../lib/gcc/arm-none-eabi/4.9.3/../../../../arm-none-eabi/lib/armv7-m/libcr_c.a(_cr_sbrk.o)
                0x0000a080                _sbrk
 .text.__check_heap_overflow
                0x0000a0c0       0x18 /usr/local/lpcxpresso_7.8.0_426/lpcxpresso/tools/bin/../lib/gcc/arm-none-eabi/4.9.3/../../../../arm-none-eabi/lib/armv7-m/libcr_c.a(_cr_check_heap.o)
                0x0000a0c0                __check_heap_overflow
 .text.__aeabi_dmul
                0x0000a0d8      0x120 /usr/local/lpcxpresso_7.8.0_426/lpcxpresso/tools/bin/../lib/gcc/arm-none-eabi/4.9.3/armv7-m/libcr_eabihelpers.a(double.o)
                0x0000a0d8                __aeabi_dmul
 .text.__aeabi_ddiv
                0x0000a1f8      0x150 /usr/local/lpcxpresso_7.8.0_426/lpcxpresso/tools/bin/../lib/gcc/arm-none-eabi/4.9.3/armv7-m/libcr_eabihelpers.a(double.o)
                0x0000a1f8                __aeabi_ddiv
 .text.__aeabi_dsub
                0x0000a348      0x1d8 /usr/local/lpcxpresso_7.8.0_426/lpcxpresso/tools/bin/../lib/gcc/arm-none-eabi/4.9.3/armv7-m/libcr_eabihelpers.a(double.o)
                0x0000a348                __aeabi_dsub
 .text.__aeabi_dadd
                0x0000a520      0x134 /usr/local/lpcxpresso_7.8.0_426/lpcxpresso/tools/bin/../lib/gcc/arm-none-eabi/4.9.3/armv7-m/libcr_eabihelpers.a(double.o)
                0x0000a520                __aeabi_dadd
 .text.__aeabi_d2iz
                0x0000a654       0x40 /usr/local/lpcxpresso_7.8.0_426/lpcxpresso/tools/bin/../lib/gcc/arm-none-eabi/4.9.3/armv7-m/libcr_eabihelpers.a(double.o)
                0x0000a654                __aeabi_d2iz
 .text.__bhs_ui2d
                0x0000a694       0x48 /usr/local/lpcxpresso_7.8.0_426/lpcxpresso/tools/bin/../lib/gcc/arm-none-eabi/4.9.3/armv7-m/libcr_eabihelpers.a(double.o)
                0x0000a694                __bhs_ui2d
 .text.__aeabi_i2d
                0x0000a6dc       0x14 /usr/local/lpcxpresso_7.8.0_426/lpcxpresso/tools/bin/../lib/gcc/arm-none-eabi/4.9.3/armv7-m/libcr_eabihelpers.a(double.o)
                0x0000a6dc                __aeabi_i2d
 .text.__aeabi_dcmpeq
                0x0000a6f0       0x2c /usr/local/lpcxpresso_7.8.0_426/lpcxpresso/tools/bin/../lib/gcc/arm-none-eabi/4.9.3/armv7-m/libcr_eabihelpers.a(double.o)
                0x0000a6f0                __aeabi_dcmpeq
 .text.__aeabi_dcmplt
                0x0000a71c       0x5c /usr/local/lpcxpresso_7.8.0_426/lpcxpresso/tools/bin/../lib/gcc/arm-none-eabi/4.9.3/armv7-m/libcr_eabihelpers.a(double.o)
                0x0000a71c                __aeabi_dcmplt
 .text.__aeabi_dcmple
                0x0000a778       0x5c /usr/local/lpcxpresso_7.8.0_426/lpcxpresso/tools/bin/../lib/gcc/arm-none-eabi/4.9.3/armv7-m/libcr_eabihelpers.a(double.o)
                0x0000a778                __aeabi_dcmple
 .text.__aeabi_dcmpge
                0x0000a7d4       0x5c /usr/local/lpcxpresso_7.8.0_426/lpcxpresso/tools/bin/../lib/gcc/arm-none-eabi/4.9.3/armv7-m/libcr_eabihelpers.a(double.o)
                0x0000a7d4                __aeabi_dcmpge
 .text.__aeabi_memcpy
                0x0000a830       0x34 /usr/local/lpcxpresso_7.8.0_426/lpcxpresso/tools/bin/../lib/gcc/arm-none-eabi/4.9.3/armv7-m/libcr_eabihelpers.a(memcpy.o)
                0x0000a830                __aeabi_memcpy
                0x0000a83a                __aeabi_memcpy4
                0x0000a83a                __aeabi_memcpy8
 .text.__aeabi_memset_lowlevel
                0x0000a864       0x32 /usr/local/lpcxpresso_7.8.0_426/lpcxpresso/tools/bin/../lib/gcc/arm-none-eabi/4.9.3/armv7-m/libcr_eabihelpers.a(memcpy.o)
                0x0000a864                __aeabi_lowlevel_memset
 *fill*         0x0000a896        0x2 
 .text.__sys_appexit
                0x0000a898        0xc /usr/local/lpcxpresso_7.8.0_426/lpcxpresso/tools/bin/../lib/gcc/arm-none-eabi/4.9.3/../../../../arm-none-eabi/lib/armv7-m/libcr_semihost.a(__sys_appexit.o)
                0x0000a898                __exit
                0x0000a898                __sys_appexit
 .text.__sys_flen
                0x0000a8a4        0xc /usr/local/lpcxpresso_7.8.0_426/lpcxpresso/tools/bin/../lib/gcc/arm-none-eabi/4.9.3/../../../../arm-none-eabi/lib/armv7-m/libcr_semihost.a(__sys_flen.o)
                0x0000a8a4                __sys_flen
 .text.__sys_istty
                0x0000a8b0        0xc /usr/local/lpcxpresso_7.8.0_426/lpcxpresso/tools/bin/../lib/gcc/arm-none-eabi/4.9.3/../../../../arm-none-eabi/lib/armv7-m/libcr_semihost.a(__sys_istty.o)
                0x0000a8b0                __sys_istty
 .text.__sys_seek
                0x0000a8bc        0xc /usr/local/lpcxpresso_7.8.0_426/lpcxpresso/tools/bin/../lib/gcc/arm-none-eabi/4.9.3/../../../../arm-none-eabi/lib/armv7-m/libcr_semihost.a(__sys_seek.o)
                0x0000a8bc                __sys_seek

.rodata.xIRQ    0x0000a8c8        0x8
 .rodata.xIRQ   0x0000a8c8        0x4 ./Source/FreeRTOS-Products/FreeRTOS-Plus-IO/Device/LPC17xx/FreeRTOS_lpc17xx_i2c.o
 .rodata.xIRQ   0x0000a8cc        0x4 ./Source/FreeRTOS-Products/FreeRTOS-Plus-IO/Device/LPC17xx/FreeRTOS_lpc17xx_uart.o

.rodata         0x0000a8d0      0x3b0
 .rodata        0x0000a8d0       0x20 ./Source/FreeRTOS-Products/FreeRTOS-Plus-IO/Common/FreeRTOS_DriverInterface.o
 .rodata        0x0000a8f0       0xe0 ./Source/FreeRTOS-Products/FreeRTOS-Plus-CLI/FreeRTOS_CLI.o
 .rodata        0x0000a9d0       0x30 ./Source/FreeRTOS-Products/FreeRTOS/tasks.o
 .rodata        0x0000aa00       0x10 ./Source/FreeRTOS-Products/FreeRTOS/timers.o
 .rodata        0x0000aa10       0xa0 ./Source/Examples/UART/UART-interrupt-driven-command-console.o
 .rodata        0x0000aab0       0x1c ./Source/Examples/Semihosting/basic_io.o
 .rodata        0x0000aacc       0x68 ./Source/cr_startup_lpc175x_6x.o
 .rodata        0x0000ab34      0x14c ./Source/main.o

.rodata.xAvailablePeripherals
                0x0000ac80       0x30
 .rodata.xAvailablePeripherals
                0x0000ac80       0x30 ./Source/FreeRTOS-Products/FreeRTOS-Plus-IO/Common/FreeRTOS_DriverInterface.o

.rodata.xHelpCommand
                0x0000acb0       0x10
 .rodata.xHelpCommand
                0x0000acb0       0x10 ./Source/FreeRTOS-Products/FreeRTOS-Plus-CLI/FreeRTOS_CLI.o

.rodata.OscRateIn
                0x0000acc0        0x4
 .rodata.OscRateIn
                0x0000acc0        0x4 /home/jaguar/Downloads/FreeRTOS_demos/Openthis-proj-with-lpcxpresso7.8/MPU_cmdLine/lpc_board_nxp_lpcxpresso_1769/Debug/liblpc_board_nxp_lpcxpresso_1769.a(board.o)
                0x0000acc0                OscRateIn

.rodata.RTCOscRateIn
                0x0000acc4        0x4
 .rodata.RTCOscRateIn
                0x0000acc4        0x4 /home/jaguar/Downloads/FreeRTOS_demos/Openthis-proj-with-lpcxpresso7.8/MPU_cmdLine/lpc_board_nxp_lpcxpresso_1769/Debug/liblpc_board_nxp_lpcxpresso_1769.a(board.o)
                0x0000acc4                RTCOscRateIn

.rodata.pinmuxing
                0x0000acc8       0x5c
 .rodata.pinmuxing
                0x0000acc8       0x5c /home/jaguar/Downloads/FreeRTOS_demos/Openthis-proj-with-lpcxpresso7.8/MPU_cmdLine/lpc_board_nxp_lpcxpresso_1769/Debug/liblpc_board_nxp_lpcxpresso_1769.a(board_sysinit.o)

.rodata.I2C_PeriphClk
                0x0000ad24        0x4
 .rodata.I2C_PeriphClk
                0x0000ad24        0x4 /home/jaguar/Downloads/FreeRTOS_demos/Openthis-proj-with-lpcxpresso7.8/MPU_cmdLine/lpc_chip_175x_6x/Debug/liblpc_chip_175x_6x.a(i2c_17xx_40xx.o)

.rodata.str1.1  0x0000ad28       0x7d
 .rodata.str1.1
                0x0000ad28       0x34 /usr/local/lpcxpresso_7.8.0_426/lpcxpresso/tools/bin/../lib/gcc/arm-none-eabi/4.9.3/../../../../arm-none-eabi/lib/armv7-m/libcr_c.a(fpprintf.o)
                                 0x35 (size before relaxing)
 .rodata.str1.1
                0x0000ad5c       0x31 /usr/local/lpcxpresso_7.8.0_426/lpcxpresso/tools/bin/../lib/gcc/arm-none-eabi/4.9.3/../../../../arm-none-eabi/lib/armv7-m/libcr_c.a(printf.o)
                                 0x38 (size before relaxing)
 .rodata.str1.1
                0x0000ad8d       0x18 /usr/local/lpcxpresso_7.8.0_426/lpcxpresso/tools/bin/../lib/gcc/arm-none-eabi/4.9.3/../../../../arm-none-eabi/lib/armv7-m/libcr_c.a(alloc.o)

.rodata.__huge_vall
                0x0000ada8        0x8
 .rodata.__huge_vall
                0x0000ada8        0x8 /usr/local/lpcxpresso_7.8.0_426/lpcxpresso/tools/bin/../lib/gcc/arm-none-eabi/4.9.3/../../../../arm-none-eabi/lib/armv7-m/libcr_c.a(_hugeval.o)
                0x0000ada8                __huge_vall

.glue_7         0x0000adb0        0x0
 .glue_7        0x00000000        0x0 linker stubs

.glue_7t        0x0000adb0        0x0
 .glue_7t       0x00000000        0x0 linker stubs

.vfp11_veneer   0x0000adb0        0x0
 .vfp11_veneer  0x00000000        0x0 linker stubs

.v4_bx          0x0000adb0        0x0
 .v4_bx         0x00000000        0x0 linker stubs

.iplt           0x0000adb0        0x0
 .iplt          0x00000000        0x0 ./Source/FreeRTOS-Products/FreeRTOS/portable/MemMang/heap_2.o

.after_vectors  0x0000adb0      0x1c8
 .after_vectors
                0x0000adb0      0x1c8 ./Source/cr_startup_lpc175x_6x.o
                0x0000adb0                data_init
                0x0000adf4                bss_init
                0x0000ae2c                privdata_init
                0x0000ae58                ResetISR
                0x0000af00                NMI_Handler
                0x0000af08                MemManage_Handler
                0x0000af38                BusFault_Handler
                0x0000af40                UsageFault_Handler
                0x0000af50                DebugMon_Handler
                0x0000af68                TIMER2_IRQHandler
                0x0000af68                RIT_IRQHandler
                0x0000af68                I2C0_IRQHandler
                0x0000af68                USBActivity_IRQHandler
                0x0000af68                PWM1_IRQHandler
                0x0000af68                I2C1_IRQHandler
                0x0000af68                EINT2_IRQHandler
                0x0000af68                UART1_IRQHandler
                0x0000af68                EINT3_IRQHandler
                0x0000af68                CANActivity_IRQHandler
                0x0000af68                TIMER3_IRQHandler
                0x0000af68                UART0_IRQHandler
                0x0000af68                IntDefaultHandler
                0x0000af68                PLL0_IRQHandler
                0x0000af68                CAN_IRQHandler
                0x0000af68                PLL1_IRQHandler
                0x0000af68                SSP0_IRQHandler
                0x0000af68                I2S_IRQHandler
                0x0000af68                RTC_IRQHandler
                0x0000af68                TIMER0_IRQHandler
                0x0000af68                SPI_IRQHandler
                0x0000af68                EINT1_IRQHandler
                0x0000af68                TIMER1_IRQHandler
                0x0000af68                UART2_IRQHandler
                0x0000af68                ADC_IRQHandler
                0x0000af68                SSP1_IRQHandler
                0x0000af68                USB_IRQHandler
                0x0000af68                BOD_IRQHandler
                0x0000af68                WDT_IRQHandler
                0x0000af68                QEI_IRQHandler
                0x0000af68                EINT0_IRQHandler
                0x0000af68                ETH_IRQHandler
                0x0000af68                DMA_IRQHandler
                0x0000af68                MCPWM_IRQHandler

.rel.dyn        0x0000af78        0x0
 .rel.iplt      0x00000000        0x0 ./Source/FreeRTOS-Products/FreeRTOS/portable/MemMang/heap_2.o

.ARM.extab
 *(.ARM.extab* .gnu.linkonce.armextab.*)
                0x0000af78                __exidx_start = .

.ARM.exidx
 *(.ARM.exidx* .gnu.linkonce.armexidx.*)
                0x0000af78                __exidx_end = .
                0x0000af78                _etext = .

privileged_data
                0x10000000      0x1b8
                0x10000000                _bss = .
 *(privileged_data)
 privileged_data
                0x10000000       0x50 ./Source/FreeRTOS-Products/FreeRTOS/queue.o
                0x10000000                xQueueRegistry
 privileged_data
                0x10000050      0x130 ./Source/FreeRTOS-Products/FreeRTOS/tasks.o
                0x10000050                pxCurrentTCB
 privileged_data
                0x10000180       0x38 ./Source/FreeRTOS-Products/FreeRTOS/timers.o
                0x10000100                . = (ORIGIN (RamLoc32) + _Privileged_Data_Region_Size)

.bss            0x100001b8     0x4260
                0x100001b8                __privileged_data_end__ = ABSOLUTE (.)
 *(.bss*)
 .bss.ucHeap    0x100001b8     0x3c00 ./Source/FreeRTOS-Products/FreeRTOS/portable/MemMang/heap_2.o
 .bss.xStart    0x10003db8        0x8 ./Source/FreeRTOS-Products/FreeRTOS/portable/MemMang/heap_2.o
 .bss.xEnd      0x10003dc0        0x8 ./Source/FreeRTOS-Products/FreeRTOS/portable/MemMang/heap_2.o
 .bss.xHeapHasBeenInitialised.4201
                0x10003dc8        0x4 ./Source/FreeRTOS-Products/FreeRTOS/portable/MemMang/heap_2.o
 .bss.pxTxTransferControlStructs
                0x10003dcc        0xc ./Source/FreeRTOS-Products/FreeRTOS-Plus-IO/Device/LPC17xx/FreeRTOS_lpc17xx_i2c.o
 .bss.pxRxTransferControlStructs
                0x10003dd8        0xc ./Source/FreeRTOS-Products/FreeRTOS-Plus-IO/Device/LPC17xx/FreeRTOS_lpc17xx_i2c.o
 .bss.ucSlaveAddresses
                0x10003de4        0x4 ./Source/FreeRTOS-Products/FreeRTOS-Plus-IO/Device/LPC17xx/FreeRTOS_lpc17xx_i2c.o
 .bss.xDataDirection
                0x10003de8        0x4 ./Source/FreeRTOS-Products/FreeRTOS-Plus-IO/Device/LPC17xx/FreeRTOS_lpc17xx_i2c.o
 .bss.xBytesOutstanding
                0x10003dec        0xc ./Source/FreeRTOS-Products/FreeRTOS-Plus-IO/Device/LPC17xx/FreeRTOS_lpc17xx_i2c.o
 .bss.pxTxTransferControlStructs
                0x10003df8       0x10 ./Source/FreeRTOS-Products/FreeRTOS-Plus-IO/Device/LPC17xx/FreeRTOS_lpc17xx_uart.o
 .bss.pxRxTransferControlStructs
                0x10003e08       0x10 ./Source/FreeRTOS-Products/FreeRTOS-Plus-IO/Device/LPC17xx/FreeRTOS_lpc17xx_uart.o
 .bss.cOutputBuffer
                0x10003e18      0x400 ./Source/FreeRTOS-Products/FreeRTOS-Plus-CLI/FreeRTOS_CLI.o
 .bss.pxCommand.4204
                0x10004218        0x4 ./Source/FreeRTOS-Products/FreeRTOS-Plus-CLI/FreeRTOS_CLI.o
 .bss.pxCommand.4238
                0x1000421c        0x4 ./Source/FreeRTOS-Products/FreeRTOS-Plus-CLI/FreeRTOS_CLI.o
 .bss.xCommandConsoleTask
                0x10004220        0x4 ./Source/Examples/UART/UART-interrupt-driven-command-console.o
 .bss.xConsoleUART
                0x10004224        0x4 ./Source/Examples/UART/UART-interrupt-driven-command-console.o
 .bss.cInputString.7829
                0x10004228       0x34 ./Source/Examples/UART/UART-interrupt-driven-command-console.o
 .bss.cLastInputString.7830
                0x1000425c       0x34 ./Source/Examples/UART/UART-interrupt-driven-command-console.o
 .bss.cBuffer   0x10004290       0x34 ./Source/Examples/Semihosting/basic_io.o
 .bss.ulClocksPer10thOfAMilliSecond
                0x100042c4        0x4 ./Source/main.o
 .bss.errno     0x100042c8        0x4 /usr/local/lpcxpresso_7.8.0_426/lpcxpresso/tools/bin/../lib/gcc/arm-none-eabi/4.9.3/../../../../arm-none-eabi/lib/armv7-m/libcr_c.a(errno.o)
                0x100042c8                errno
 *(COMMON)
 COMMON         0x100042cc        0x4 /home/jaguar/Downloads/FreeRTOS_demos/Openthis-proj-with-lpcxpresso7.8/MPU_cmdLine/lpc_chip_175x_6x/Debug/liblpc_chip_175x_6x.a(chip_17xx_40xx.o)
                0x100042cc                SystemCoreClock
 COMMON         0x100042d0      0x140 /usr/local/lpcxpresso_7.8.0_426/lpcxpresso/tools/bin/../lib/gcc/arm-none-eabi/4.9.3/../../../../arm-none-eabi/lib/armv7-m/libcr_c.a(stdio.o)
                0x100042d0                __Ciob
 COMMON         0x10004410        0x8 /usr/local/lpcxpresso_7.8.0_426/lpcxpresso/tools/bin/../lib/gcc/arm-none-eabi/4.9.3/../../../../arm-none-eabi/lib/armv7-m/libcr_c.a(__init_alloc.o)
                0x10004410                __heaps
                0x10004414                __end_of_heap
                0x10004418                _ebss = .

.data           0x10004418       0x64 load address 0x0000af78
                0x10004418                _data = .
 *(vtable)
 *(.data*)
 .data.xFreeBytesRemaining
                0x10004418        0x4 ./Source/FreeRTOS-Products/FreeRTOS/portable/MemMang/heap_2.o
 .data.uxCriticalNesting
                0x1000441c        0x4 ./Source/FreeRTOS-Products/FreeRTOS/portable/GCC/ARM_CM3_MPU/port.o
 .data.xRegisteredCommands
                0x10004420        0x8 ./Source/FreeRTOS-Products/FreeRTOS-Plus-CLI/FreeRTOS_CLI.o
 .data.i2c      0x10004428       0x54 /home/jaguar/Downloads/FreeRTOS_demos/Openthis-proj-with-lpcxpresso7.8/MPU_cmdLine/lpc_chip_175x_6x/Debug/liblpc_chip_175x_6x.a(i2c_17xx_40xx.o)
                0x1000447c                _edata = .
                0x1000447c                PROVIDE (_pvHeapStart, DEFINED (__user_heap_base)?__user_heap_base:.)
                0x10007ff0                PROVIDE (_vStackTop, DEFINED (__user_stack_top)?__user_stack_top:(__top_RamLoc32 - 0x10))

.igot.plt       0x1000447c        0x0 load address 0x0000afdc
 .igot.plt      0x00000000        0x0 ./Source/FreeRTOS-Products/FreeRTOS/portable/MemMang/heap_2.o

.data_RAM2      0x2007c000        0x0 load address 0x0000af78
 FILL mask 0xff
                0x2007c000                PROVIDE (__start_data_RAM2, .)
 *(.ramfunc.$RAM2)
 *(.ramfunc.$RamAHB32)
 *(.data.$RAM2*)
 *(.data.$RamAHB32*)
                0x2007c000                . = ALIGN (0x4)
                0x2007c000                PROVIDE (__end_data_RAM2, .)

.bss_RAM2       0x2007c000        0x0 load address 0x0000af78
                0x2007c000                PROVIDE (__start_bss_RAM2, .)
 *(.bss.$RAM2*)
 *(.bss.$RamAHB32*)
                0x2007c000                . = ALIGN (0x4)
                0x2007c000                PROVIDE (__end_bss_RAM2, .)
OUTPUT(FreeRTOS-Plus-Demo-1.axf elf32-littlearm)

.debug_info     0x00000000     0xf3ad
 .debug_info    0x00000000      0x2db ./Source/FreeRTOS-Products/FreeRTOS/portable/MemMang/heap_2.o
 .debug_info    0x000002db     0x14db ./Source/FreeRTOS-Products/FreeRTOS/portable/GCC/ARM_CM3_MPU/port.o
 .debug_info    0x000017b6      0x2d0 ./Source/FreeRTOS-Products/FreeRTOS-Plus-IO/Device/LPC17xx/FreeRTOS_lpc17xx_DriverInterface.o
 .debug_info    0x00001a86      0xf39 ./Source/FreeRTOS-Products/FreeRTOS-Plus-IO/Device/LPC17xx/FreeRTOS_lpc17xx_i2c.o
 .debug_info    0x000029bf     0x1233 ./Source/FreeRTOS-Products/FreeRTOS-Plus-IO/Device/LPC17xx/FreeRTOS_lpc17xx_uart.o
 .debug_info    0x00003bf2      0x7c3 ./Source/FreeRTOS-Products/FreeRTOS-Plus-IO/Common/FreeRTOS_DriverInterface.o
 .debug_info    0x000043b5      0x2cd ./Source/FreeRTOS-Products/FreeRTOS-Plus-IO/Common/FreeRTOS_IOUtils.o
 .debug_info    0x00004682      0x61f ./Source/FreeRTOS-Products/FreeRTOS-Plus-IO/Common/IOUtils_CharQueueTxAndRx.o
 .debug_info    0x00004ca1      0x4d7 ./Source/FreeRTOS-Products/FreeRTOS-Plus-IO/Common/IOUtils_CircularBufferRx.o
 .debug_info    0x00005178      0x88a ./Source/FreeRTOS-Products/FreeRTOS-Plus-IO/Common/IOUtils_TaskNotification_TxAndRx.o
 .debug_info    0x00005a02      0x447 ./Source/FreeRTOS-Products/FreeRTOS-Plus-IO/Common/IOUtils_ZeroCopyTx.o
 .debug_info    0x00005e49      0x3ce ./Source/FreeRTOS-Products/FreeRTOS-Plus-CLI/FreeRTOS_CLI.o
 .debug_info    0x00006217      0x296 ./Source/FreeRTOS-Products/FreeRTOS/list.o
 .debug_info    0x000064ad      0xc68 ./Source/FreeRTOS-Products/FreeRTOS/queue.o
 .debug_info    0x00007115     0x188c ./Source/FreeRTOS-Products/FreeRTOS/tasks.o
 .debug_info    0x000089a1      0x82e ./Source/FreeRTOS-Products/FreeRTOS/timers.o
 .debug_info    0x000091cf      0x3dd ./Source/Examples/UART/UART-interrupt-driven-command-console.o
 .debug_info    0x000095ac      0x13b ./Source/Examples/Semihosting/basic_io.o
 .debug_info    0x000096e7       0xa5 ./Source/Examples/Semihosting/consoleprint.o
 .debug_info    0x0000978c      0x367 ./Source/cr_startup_lpc175x_6x.o
 .debug_info    0x00009af3      0xc10 ./Source/main.o
 .debug_info    0x0000a703      0x110 ./Source/sysinit.o
 .debug_info    0x0000a813     0x11ec /home/jaguar/Downloads/FreeRTOS_demos/Openthis-proj-with-lpcxpresso7.8/MPU_cmdLine/lpc_board_nxp_lpcxpresso_1769/Debug/liblpc_board_nxp_lpcxpresso_1769.a(board.o)
 .debug_info    0x0000b9ff      0x558 /home/jaguar/Downloads/FreeRTOS_demos/Openthis-proj-with-lpcxpresso7.8/MPU_cmdLine/lpc_board_nxp_lpcxpresso_1769/Debug/liblpc_board_nxp_lpcxpresso_1769.a(board_sysinit.o)
 .debug_info    0x0000bf57      0x50a /home/jaguar/Downloads/FreeRTOS_demos/Openthis-proj-with-lpcxpresso7.8/MPU_cmdLine/lpc_chip_175x_6x/Debug/liblpc_chip_175x_6x.a(chip_17xx_40xx.o)
 .debug_info    0x0000c461      0xb46 /home/jaguar/Downloads/FreeRTOS_demos/Openthis-proj-with-lpcxpresso7.8/MPU_cmdLine/lpc_chip_175x_6x/Debug/liblpc_chip_175x_6x.a(clock_17xx_40xx.o)
 .debug_info    0x0000cfa7      0xe43 /home/jaguar/Downloads/FreeRTOS_demos/Openthis-proj-with-lpcxpresso7.8/MPU_cmdLine/lpc_chip_175x_6x/Debug/liblpc_chip_175x_6x.a(i2c_17xx_40xx.o)
 .debug_info    0x0000ddea      0x2d9 /home/jaguar/Downloads/FreeRTOS_demos/Openthis-proj-with-lpcxpresso7.8/MPU_cmdLine/lpc_chip_175x_6x/Debug/liblpc_chip_175x_6x.a(iocon_17xx_40xx.o)
 .debug_info    0x0000e0c3      0x431 /home/jaguar/Downloads/FreeRTOS_demos/Openthis-proj-with-lpcxpresso7.8/MPU_cmdLine/lpc_chip_175x_6x/Debug/liblpc_chip_175x_6x.a(sysinit_17xx_40xx.o)
 .debug_info    0x0000e4f4      0xeb9 /home/jaguar/Downloads/FreeRTOS_demos/Openthis-proj-with-lpcxpresso7.8/MPU_cmdLine/lpc_chip_175x_6x/Debug/liblpc_chip_175x_6x.a(uart_17xx_40xx.o)

.debug_abbrev   0x00000000     0x2fb9
 .debug_abbrev  0x00000000      0x171 ./Source/FreeRTOS-Products/FreeRTOS/portable/MemMang/heap_2.o
 .debug_abbrev  0x00000171      0x23f ./Source/FreeRTOS-Products/FreeRTOS/portable/GCC/ARM_CM3_MPU/port.o
 .debug_abbrev  0x000003b0       0xd6 ./Source/FreeRTOS-Products/FreeRTOS-Plus-IO/Device/LPC17xx/FreeRTOS_lpc17xx_DriverInterface.o
 .debug_abbrev  0x00000486      0x228 ./Source/FreeRTOS-Products/FreeRTOS-Plus-IO/Device/LPC17xx/FreeRTOS_lpc17xx_i2c.o
 .debug_abbrev  0x000006ae      0x291 ./Source/FreeRTOS-Products/FreeRTOS-Plus-IO/Device/LPC17xx/FreeRTOS_lpc17xx_uart.o
 .debug_abbrev  0x0000093f      0x187 ./Source/FreeRTOS-Products/FreeRTOS-Plus-IO/Common/FreeRTOS_DriverInterface.o
 .debug_abbrev  0x00000ac6       0xe4 ./Source/FreeRTOS-Products/FreeRTOS-Plus-IO/Common/FreeRTOS_IOUtils.o
 .debug_abbrev  0x00000baa      0x133 ./Source/FreeRTOS-Products/FreeRTOS-Plus-IO/Common/IOUtils_CharQueueTxAndRx.o
 .debug_abbrev  0x00000cdd      0x133 ./Source/FreeRTOS-Products/FreeRTOS-Plus-IO/Common/IOUtils_CircularBufferRx.o
 .debug_abbrev  0x00000e10      0x1ec ./Source/FreeRTOS-Products/FreeRTOS-Plus-IO/Common/IOUtils_TaskNotification_TxAndRx.o
 .debug_abbrev  0x00000ffc       0xff ./Source/FreeRTOS-Products/FreeRTOS-Plus-IO/Common/IOUtils_ZeroCopyTx.o
 .debug_abbrev  0x000010fb      0x14e ./Source/FreeRTOS-Products/FreeRTOS-Plus-CLI/FreeRTOS_CLI.o
 .debug_abbrev  0x00001249       0xc1 ./Source/FreeRTOS-Products/FreeRTOS/list.o
 .debug_abbrev  0x0000130a      0x192 ./Source/FreeRTOS-Products/FreeRTOS/queue.o
 .debug_abbrev  0x0000149c      0x23a ./Source/FreeRTOS-Products/FreeRTOS/tasks.o
 .debug_abbrev  0x000016d6      0x1a5 ./Source/FreeRTOS-Products/FreeRTOS/timers.o
 .debug_abbrev  0x0000187b      0x16e ./Source/Examples/UART/UART-interrupt-driven-command-console.o
 .debug_abbrev  0x000019e9       0x9d ./Source/Examples/Semihosting/basic_io.o
 .debug_abbrev  0x00001a86       0x7f ./Source/Examples/Semihosting/consoleprint.o
 .debug_abbrev  0x00001b05      0x14a ./Source/cr_startup_lpc175x_6x.o
 .debug_abbrev  0x00001c4f      0x21a ./Source/main.o
 .debug_abbrev  0x00001e69       0xa3 ./Source/sysinit.o
 .debug_abbrev  0x00001f0c      0x318 /home/jaguar/Downloads/FreeRTOS_demos/Openthis-proj-with-lpcxpresso7.8/MPU_cmdLine/lpc_board_nxp_lpcxpresso_1769/Debug/liblpc_board_nxp_lpcxpresso_1769.a(board.o)
 .debug_abbrev  0x00002224      0x15a /home/jaguar/Downloads/FreeRTOS_demos/Openthis-proj-with-lpcxpresso7.8/MPU_cmdLine/lpc_board_nxp_lpcxpresso_1769/Debug/liblpc_board_nxp_lpcxpresso_1769.a(board_sysinit.o)
 .debug_abbrev  0x0000237e      0x138 /home/jaguar/Downloads/FreeRTOS_demos/Openthis-proj-with-lpcxpresso7.8/MPU_cmdLine/lpc_chip_175x_6x/Debug/liblpc_chip_175x_6x.a(chip_17xx_40xx.o)
 .debug_abbrev  0x000024b6      0x2e4 /home/jaguar/Downloads/FreeRTOS_demos/Openthis-proj-with-lpcxpresso7.8/MPU_cmdLine/lpc_chip_175x_6x/Debug/liblpc_chip_175x_6x.a(clock_17xx_40xx.o)
 .debug_abbrev  0x0000279a      0x2a6 /home/jaguar/Downloads/FreeRTOS_demos/Openthis-proj-with-lpcxpresso7.8/MPU_cmdLine/lpc_chip_175x_6x/Debug/liblpc_chip_175x_6x.a(i2c_17xx_40xx.o)
 .debug_abbrev  0x00002a40      0x126 /home/jaguar/Downloads/FreeRTOS_demos/Openthis-proj-with-lpcxpresso7.8/MPU_cmdLine/lpc_chip_175x_6x/Debug/liblpc_chip_175x_6x.a(iocon_17xx_40xx.o)
 .debug_abbrev  0x00002b66      0x171 /home/jaguar/Downloads/FreeRTOS_demos/Openthis-proj-with-lpcxpresso7.8/MPU_cmdLine/lpc_chip_175x_6x/Debug/liblpc_chip_175x_6x.a(sysinit_17xx_40xx.o)
 .debug_abbrev  0x00002cd7      0x2e2 /home/jaguar/Downloads/FreeRTOS_demos/Openthis-proj-with-lpcxpresso7.8/MPU_cmdLine/lpc_chip_175x_6x/Debug/liblpc_chip_175x_6x.a(uart_17xx_40xx.o)

.debug_aranges  0x00000000      0xfa0
 .debug_aranges
                0x00000000       0x40 ./Source/FreeRTOS-Products/FreeRTOS/portable/MemMang/heap_2.o
 .debug_aranges
                0x00000040      0x1e0 ./Source/FreeRTOS-Products/FreeRTOS/portable/GCC/ARM_CM3_MPU/port.o
 .debug_aranges
                0x00000220       0x20 ./Source/FreeRTOS-Products/FreeRTOS-Plus-IO/Device/LPC17xx/FreeRTOS_lpc17xx_DriverInterface.o
 .debug_aranges
                0x00000240       0x60 ./Source/FreeRTOS-Products/FreeRTOS-Plus-IO/Device/LPC17xx/FreeRTOS_lpc17xx_i2c.o
 .debug_aranges
                0x000002a0       0x80 ./Source/FreeRTOS-Products/FreeRTOS-Plus-IO/Device/LPC17xx/FreeRTOS_lpc17xx_uart.o
 .debug_aranges
                0x00000320       0x28 ./Source/FreeRTOS-Products/FreeRTOS-Plus-IO/Common/FreeRTOS_DriverInterface.o
 .debug_aranges
                0x00000348       0x20 ./Source/FreeRTOS-Products/FreeRTOS-Plus-IO/Common/FreeRTOS_IOUtils.o
 .debug_aranges
                0x00000368       0x50 ./Source/FreeRTOS-Products/FreeRTOS-Plus-IO/Common/IOUtils_CharQueueTxAndRx.o
 .debug_aranges
                0x000003b8       0x38 ./Source/FreeRTOS-Products/FreeRTOS-Plus-IO/Common/IOUtils_CircularBufferRx.o
 .debug_aranges
                0x000003f0       0x50 ./Source/FreeRTOS-Products/FreeRTOS-Plus-IO/Common/IOUtils_TaskNotification_TxAndRx.o
 .debug_aranges
                0x00000440       0x30 ./Source/FreeRTOS-Products/FreeRTOS-Plus-IO/Common/IOUtils_ZeroCopyTx.o
 .debug_aranges
                0x00000470       0x48 ./Source/FreeRTOS-Products/FreeRTOS-Plus-CLI/FreeRTOS_CLI.o
 .debug_aranges
                0x000004b8       0x40 ./Source/FreeRTOS-Products/FreeRTOS/list.o
 .debug_aranges
                0x000004f8      0x108 ./Source/FreeRTOS-Products/FreeRTOS/queue.o
 .debug_aranges
                0x00000600      0x1f0 ./Source/FreeRTOS-Products/FreeRTOS/tasks.o
 .debug_aranges
                0x000007f0       0x98 ./Source/FreeRTOS-Products/FreeRTOS/timers.o
 .debug_aranges
                0x00000888       0x30 ./Source/Examples/UART/UART-interrupt-driven-command-console.o
 .debug_aranges
                0x000008b8       0x30 ./Source/Examples/Semihosting/basic_io.o
 .debug_aranges
                0x000008e8       0x20 ./Source/Examples/Semihosting/consoleprint.o
 .debug_aranges
                0x00000908       0x88 ./Source/cr_startup_lpc175x_6x.o
 .debug_aranges
                0x00000990       0x80 ./Source/main.o
 .debug_aranges
                0x00000a10       0x20 ./Source/sysinit.o
 .debug_aranges
                0x00000a30      0x110 /home/jaguar/Downloads/FreeRTOS_demos/Openthis-proj-with-lpcxpresso7.8/MPU_cmdLine/lpc_board_nxp_lpcxpresso_1769/Debug/liblpc_board_nxp_lpcxpresso_1769.a(board.o)
 .debug_aranges
                0x00000b40       0x38 /home/jaguar/Downloads/FreeRTOS_demos/Openthis-proj-with-lpcxpresso7.8/MPU_cmdLine/lpc_board_nxp_lpcxpresso_1769/Debug/liblpc_board_nxp_lpcxpresso_1769.a(board_sysinit.o)
 .debug_aranges
                0x00000b78       0x38 /home/jaguar/Downloads/FreeRTOS_demos/Openthis-proj-with-lpcxpresso7.8/MPU_cmdLine/lpc_chip_175x_6x/Debug/liblpc_chip_175x_6x.a(chip_17xx_40xx.o)
 .debug_aranges
                0x00000bb0      0x120 /home/jaguar/Downloads/FreeRTOS_demos/Openthis-proj-with-lpcxpresso7.8/MPU_cmdLine/lpc_chip_175x_6x/Debug/liblpc_chip_175x_6x.a(clock_17xx_40xx.o)
 .debug_aranges
                0x00000cd0      0x118 /home/jaguar/Downloads/FreeRTOS_demos/Openthis-proj-with-lpcxpresso7.8/MPU_cmdLine/lpc_chip_175x_6x/Debug/liblpc_chip_175x_6x.a(i2c_17xx_40xx.o)
 .debug_aranges
                0x00000de8       0x30 /home/jaguar/Downloads/FreeRTOS_demos/Openthis-proj-with-lpcxpresso7.8/MPU_cmdLine/lpc_chip_175x_6x/Debug/liblpc_chip_175x_6x.a(iocon_17xx_40xx.o)
 .debug_aranges
                0x00000e18       0x60 /home/jaguar/Downloads/FreeRTOS_demos/Openthis-proj-with-lpcxpresso7.8/MPU_cmdLine/lpc_chip_175x_6x/Debug/liblpc_chip_175x_6x.a(sysinit_17xx_40xx.o)
 .debug_aranges
                0x00000e78      0x128 /home/jaguar/Downloads/FreeRTOS_demos/Openthis-proj-with-lpcxpresso7.8/MPU_cmdLine/lpc_chip_175x_6x/Debug/liblpc_chip_175x_6x.a(uart_17xx_40xx.o)

.debug_ranges   0x00000000      0xde0
 .debug_ranges  0x00000000       0x30 ./Source/FreeRTOS-Products/FreeRTOS/portable/MemMang/heap_2.o
 .debug_ranges  0x00000030      0x1d0 ./Source/FreeRTOS-Products/FreeRTOS/portable/GCC/ARM_CM3_MPU/port.o
 .debug_ranges  0x00000200       0x10 ./Source/FreeRTOS-Products/FreeRTOS-Plus-IO/Device/LPC17xx/FreeRTOS_lpc17xx_DriverInterface.o
 .debug_ranges  0x00000210       0x50 ./Source/FreeRTOS-Products/FreeRTOS-Plus-IO/Device/LPC17xx/FreeRTOS_lpc17xx_i2c.o
 .debug_ranges  0x00000260       0x90 ./Source/FreeRTOS-Products/FreeRTOS-Plus-IO/Device/LPC17xx/FreeRTOS_lpc17xx_uart.o
 .debug_ranges  0x000002f0       0x18 ./Source/FreeRTOS-Products/FreeRTOS-Plus-IO/Common/FreeRTOS_DriverInterface.o
 .debug_ranges  0x00000308       0x10 ./Source/FreeRTOS-Products/FreeRTOS-Plus-IO/Common/FreeRTOS_IOUtils.o
 .debug_ranges  0x00000318       0x40 ./Source/FreeRTOS-Products/FreeRTOS-Plus-IO/Common/IOUtils_CharQueueTxAndRx.o
 .debug_ranges  0x00000358       0x28 ./Source/FreeRTOS-Products/FreeRTOS-Plus-IO/Common/IOUtils_CircularBufferRx.o
 .debug_ranges  0x00000380       0x40 ./Source/FreeRTOS-Products/FreeRTOS-Plus-IO/Common/IOUtils_TaskNotification_TxAndRx.o
 .debug_ranges  0x000003c0       0x20 ./Source/FreeRTOS-Products/FreeRTOS-Plus-IO/Common/IOUtils_ZeroCopyTx.o
 .debug_ranges  0x000003e0       0x38 ./Source/FreeRTOS-Products/FreeRTOS-Plus-CLI/FreeRTOS_CLI.o
 .debug_ranges  0x00000418       0x30 ./Source/FreeRTOS-Products/FreeRTOS/list.o
 .debug_ranges  0x00000448       0xf8 ./Source/FreeRTOS-Products/FreeRTOS/queue.o
 .debug_ranges  0x00000540      0x1e0 ./Source/FreeRTOS-Products/FreeRTOS/tasks.o
 .debug_ranges  0x00000720       0x88 ./Source/FreeRTOS-Products/FreeRTOS/timers.o
 .debug_ranges  0x000007a8       0x20 ./Source/Examples/UART/UART-interrupt-driven-command-console.o
 .debug_ranges  0x000007c8       0x20 ./Source/Examples/Semihosting/basic_io.o
 .debug_ranges  0x000007e8       0x10 ./Source/Examples/Semihosting/consoleprint.o
 .debug_ranges  0x000007f8       0x78 ./Source/cr_startup_lpc175x_6x.o
 .debug_ranges  0x00000870       0x70 ./Source/main.o
 .debug_ranges  0x000008e0       0x10 ./Source/sysinit.o
 .debug_ranges  0x000008f0      0x100 /home/jaguar/Downloads/FreeRTOS_demos/Openthis-proj-with-lpcxpresso7.8/MPU_cmdLine/lpc_board_nxp_lpcxpresso_1769/Debug/liblpc_board_nxp_lpcxpresso_1769.a(board.o)
 .debug_ranges  0x000009f0       0x28 /home/jaguar/Downloads/FreeRTOS_demos/Openthis-proj-with-lpcxpresso7.8/MPU_cmdLine/lpc_board_nxp_lpcxpresso_1769/Debug/liblpc_board_nxp_lpcxpresso_1769.a(board_sysinit.o)
 .debug_ranges  0x00000a18       0x28 /home/jaguar/Downloads/FreeRTOS_demos/Openthis-proj-with-lpcxpresso7.8/MPU_cmdLine/lpc_chip_175x_6x/Debug/liblpc_chip_175x_6x.a(chip_17xx_40xx.o)
 .debug_ranges  0x00000a40      0x110 /home/jaguar/Downloads/FreeRTOS_demos/Openthis-proj-with-lpcxpresso7.8/MPU_cmdLine/lpc_chip_175x_6x/Debug/liblpc_chip_175x_6x.a(clock_17xx_40xx.o)
 .debug_ranges  0x00000b50      0x108 /home/jaguar/Downloads/FreeRTOS_demos/Openthis-proj-with-lpcxpresso7.8/MPU_cmdLine/lpc_chip_175x_6x/Debug/liblpc_chip_175x_6x.a(i2c_17xx_40xx.o)
 .debug_ranges  0x00000c58       0x20 /home/jaguar/Downloads/FreeRTOS_demos/Openthis-proj-with-lpcxpresso7.8/MPU_cmdLine/lpc_chip_175x_6x/Debug/liblpc_chip_175x_6x.a(iocon_17xx_40xx.o)
 .debug_ranges  0x00000c78       0x50 /home/jaguar/Downloads/FreeRTOS_demos/Openthis-proj-with-lpcxpresso7.8/MPU_cmdLine/lpc_chip_175x_6x/Debug/liblpc_chip_175x_6x.a(sysinit_17xx_40xx.o)
 .debug_ranges  0x00000cc8      0x118 /home/jaguar/Downloads/FreeRTOS_demos/Openthis-proj-with-lpcxpresso7.8/MPU_cmdLine/lpc_chip_175x_6x/Debug/liblpc_chip_175x_6x.a(uart_17xx_40xx.o)

.debug_macro    0x00000000     0x98d2
 .debug_macro   0x00000000       0xe8 ./Source/FreeRTOS-Products/FreeRTOS/portable/MemMang/heap_2.o
 .debug_macro   0x000000e8      0x87a ./Source/FreeRTOS-Products/FreeRTOS/portable/MemMang/heap_2.o
 .debug_macro   0x00000962       0x10 ./Source/FreeRTOS-Products/FreeRTOS/portable/MemMang/heap_2.o
 .debug_macro   0x00000972      0x12d ./Source/FreeRTOS-Products/FreeRTOS/portable/MemMang/heap_2.o
 .debug_macro   0x00000a9f       0x28 ./Source/FreeRTOS-Products/FreeRTOS/portable/MemMang/heap_2.o
 .debug_macro   0x00000ac7      0x5b2 ./Source/FreeRTOS-Products/FreeRTOS/portable/MemMang/heap_2.o
 .debug_macro   0x00001079      0x168 ./Source/FreeRTOS-Products/FreeRTOS/portable/MemMang/heap_2.o
 .debug_macro   0x000011e1      0x15d ./Source/FreeRTOS-Products/FreeRTOS/portable/MemMang/heap_2.o
 .debug_macro   0x0000133e      0x14f ./Source/FreeRTOS-Products/FreeRTOS/portable/MemMang/heap_2.o
 .debug_macro   0x0000148d       0x18 ./Source/FreeRTOS-Products/FreeRTOS/portable/MemMang/heap_2.o
 .debug_macro   0x000014a5      0x3b5 ./Source/FreeRTOS-Products/FreeRTOS/portable/MemMang/heap_2.o
 .debug_macro   0x0000185a       0xc0 ./Source/FreeRTOS-Products/FreeRTOS/portable/MemMang/heap_2.o
 .debug_macro   0x0000191a       0x9a ./Source/FreeRTOS-Products/FreeRTOS/portable/MemMang/heap_2.o
 .debug_macro   0x000019b4      0x1b1 ./Source/FreeRTOS-Products/FreeRTOS/portable/GCC/ARM_CM3_MPU/port.o
 .debug_macro   0x00001b65       0x16 ./Source/FreeRTOS-Products/FreeRTOS/portable/GCC/ARM_CM3_MPU/port.o
 .debug_macro   0x00001b7b       0xb0 ./Source/FreeRTOS-Products/FreeRTOS/portable/GCC/ARM_CM3_MPU/port.o
 .debug_macro   0x00001c2b       0xb2 ./Source/FreeRTOS-Products/FreeRTOS/portable/GCC/ARM_CM3_MPU/port.o
 .debug_macro   0x00001cdd       0xea ./Source/FreeRTOS-Products/FreeRTOS/portable/GCC/ARM_CM3_MPU/port.o
 .debug_macro   0x00001dc7       0x91 ./Source/FreeRTOS-Products/FreeRTOS/portable/GCC/ARM_CM3_MPU/port.o
 .debug_macro   0x00001e58       0xeb ./Source/FreeRTOS-Products/FreeRTOS-Plus-IO/Device/LPC17xx/FreeRTOS_lpc17xx_DriverInterface.o
 .debug_macro   0x00001f43      0x1c7 ./Source/FreeRTOS-Products/FreeRTOS-Plus-IO/Device/LPC17xx/FreeRTOS_lpc17xx_DriverInterface.o
 .debug_macro   0x0000210a      0x32b ./Source/FreeRTOS-Products/FreeRTOS-Plus-IO/Device/LPC17xx/FreeRTOS_lpc17xx_i2c.o
 .debug_macro   0x00002435       0x7f ./Source/FreeRTOS-Products/FreeRTOS-Plus-IO/Device/LPC17xx/FreeRTOS_lpc17xx_i2c.o
 .debug_macro   0x000024b4       0x22 ./Source/FreeRTOS-Products/FreeRTOS-Plus-IO/Device/LPC17xx/FreeRTOS_lpc17xx_i2c.o
 .debug_macro   0x000024d6       0x74 ./Source/FreeRTOS-Products/FreeRTOS-Plus-IO/Device/LPC17xx/FreeRTOS_lpc17xx_i2c.o
 .debug_macro   0x0000254a       0x10 ./Source/FreeRTOS-Products/FreeRTOS-Plus-IO/Device/LPC17xx/FreeRTOS_lpc17xx_i2c.o
 .debug_macro   0x0000255a       0x2d ./Source/FreeRTOS-Products/FreeRTOS-Plus-IO/Device/LPC17xx/FreeRTOS_lpc17xx_i2c.o
 .debug_macro   0x00002587       0x3a ./Source/FreeRTOS-Products/FreeRTOS-Plus-IO/Device/LPC17xx/FreeRTOS_lpc17xx_i2c.o
 .debug_macro   0x000025c1       0x2d ./Source/FreeRTOS-Products/FreeRTOS-Plus-IO/Device/LPC17xx/FreeRTOS_lpc17xx_i2c.o
 .debug_macro   0x000025ee      0xbb1 ./Source/FreeRTOS-Products/FreeRTOS-Plus-IO/Device/LPC17xx/FreeRTOS_lpc17xx_i2c.o
 .debug_macro   0x0000319f      0x22c ./Source/FreeRTOS-Products/FreeRTOS-Plus-IO/Device/LPC17xx/FreeRTOS_lpc17xx_i2c.o
 .debug_macro   0x000033cb       0x42 ./Source/FreeRTOS-Products/FreeRTOS-Plus-IO/Device/LPC17xx/FreeRTOS_lpc17xx_i2c.o
 .debug_macro   0x0000340d       0x52 ./Source/FreeRTOS-Products/FreeRTOS-Plus-IO/Device/LPC17xx/FreeRTOS_lpc17xx_i2c.o
 .debug_macro   0x0000345f       0x78 ./Source/FreeRTOS-Products/FreeRTOS-Plus-IO/Device/LPC17xx/FreeRTOS_lpc17xx_i2c.o
 .debug_macro   0x000034d7       0x82 ./Source/FreeRTOS-Products/FreeRTOS-Plus-IO/Device/LPC17xx/FreeRTOS_lpc17xx_i2c.o
 .debug_macro   0x00003559      0x48c ./Source/FreeRTOS-Products/FreeRTOS-Plus-IO/Device/LPC17xx/FreeRTOS_lpc17xx_i2c.o
 .debug_macro   0x000039e5       0x34 ./Source/FreeRTOS-Products/FreeRTOS-Plus-IO/Device/LPC17xx/FreeRTOS_lpc17xx_i2c.o
 .debug_macro   0x00003a19      0x4c5 ./Source/FreeRTOS-Products/FreeRTOS-Plus-IO/Device/LPC17xx/FreeRTOS_lpc17xx_i2c.o
 .debug_macro   0x00003ede      0x1b7 ./Source/FreeRTOS-Products/FreeRTOS-Plus-IO/Device/LPC17xx/FreeRTOS_lpc17xx_i2c.o
 .debug_macro   0x00004095       0x10 ./Source/FreeRTOS-Products/FreeRTOS-Plus-IO/Device/LPC17xx/FreeRTOS_lpc17xx_i2c.o
 .debug_macro   0x000040a5      0x21b ./Source/FreeRTOS-Products/FreeRTOS-Plus-IO/Device/LPC17xx/FreeRTOS_lpc17xx_i2c.o
 .debug_macro   0x000042c0      0x1b9 ./Source/FreeRTOS-Products/FreeRTOS-Plus-IO/Device/LPC17xx/FreeRTOS_lpc17xx_i2c.o
 .debug_macro   0x00004479       0x40 ./Source/FreeRTOS-Products/FreeRTOS-Plus-IO/Device/LPC17xx/FreeRTOS_lpc17xx_i2c.o
 .debug_macro   0x000044b9       0x22 ./Source/FreeRTOS-Products/FreeRTOS-Plus-IO/Device/LPC17xx/FreeRTOS_lpc17xx_i2c.o
 .debug_macro   0x000044db      0x162 ./Source/FreeRTOS-Products/FreeRTOS-Plus-IO/Device/LPC17xx/FreeRTOS_lpc17xx_i2c.o
 .debug_macro   0x0000463d       0x94 ./Source/FreeRTOS-Products/FreeRTOS-Plus-IO/Device/LPC17xx/FreeRTOS_lpc17xx_i2c.o
 .debug_macro   0x000046d1       0xb8 ./Source/FreeRTOS-Products/FreeRTOS-Plus-IO/Device/LPC17xx/FreeRTOS_lpc17xx_i2c.o
 .debug_macro   0x00004789       0x4c ./Source/FreeRTOS-Products/FreeRTOS-Plus-IO/Device/LPC17xx/FreeRTOS_lpc17xx_i2c.o
 .debug_macro   0x000047d5       0x16 ./Source/FreeRTOS-Products/FreeRTOS-Plus-IO/Device/LPC17xx/FreeRTOS_lpc17xx_i2c.o
 .debug_macro   0x000047eb      0x33d ./Source/FreeRTOS-Products/FreeRTOS-Plus-IO/Device/LPC17xx/FreeRTOS_lpc17xx_i2c.o
 .debug_macro   0x00004b28       0x49 ./Source/FreeRTOS-Products/FreeRTOS-Plus-IO/Device/LPC17xx/FreeRTOS_lpc17xx_i2c.o
 .debug_macro   0x00004b71       0x16 ./Source/FreeRTOS-Products/FreeRTOS-Plus-IO/Device/LPC17xx/FreeRTOS_lpc17xx_i2c.o
 .debug_macro   0x00004b87       0xca ./Source/FreeRTOS-Products/FreeRTOS-Plus-IO/Device/LPC17xx/FreeRTOS_lpc17xx_i2c.o
 .debug_macro   0x00004c51       0x11 ./Source/FreeRTOS-Products/FreeRTOS-Plus-IO/Device/LPC17xx/FreeRTOS_lpc17xx_i2c.o
 .debug_macro   0x00004c62       0x70 ./Source/FreeRTOS-Products/FreeRTOS-Plus-IO/Device/LPC17xx/FreeRTOS_lpc17xx_i2c.o
 .debug_macro   0x00004cd2       0x9a ./Source/FreeRTOS-Products/FreeRTOS-Plus-IO/Device/LPC17xx/FreeRTOS_lpc17xx_i2c.o
 .debug_macro   0x00004d6c       0x20 ./Source/FreeRTOS-Products/FreeRTOS-Plus-IO/Device/LPC17xx/FreeRTOS_lpc17xx_i2c.o
 .debug_macro   0x00004d8c       0x28 ./Source/FreeRTOS-Products/FreeRTOS-Plus-IO/Device/LPC17xx/FreeRTOS_lpc17xx_i2c.o
 .debug_macro   0x00004db4      0x15d ./Source/FreeRTOS-Products/FreeRTOS-Plus-IO/Device/LPC17xx/FreeRTOS_lpc17xx_i2c.o
 .debug_macro   0x00004f11       0x2f ./Source/FreeRTOS-Products/FreeRTOS-Plus-IO/Device/LPC17xx/FreeRTOS_lpc17xx_i2c.o
 .debug_macro   0x00004f40       0x1c ./Source/FreeRTOS-Products/FreeRTOS-Plus-IO/Device/LPC17xx/FreeRTOS_lpc17xx_i2c.o
 .debug_macro   0x00004f5c       0x29 ./Source/FreeRTOS-Products/FreeRTOS-Plus-IO/Device/LPC17xx/FreeRTOS_lpc17xx_i2c.o
 .debug_macro   0x00004f85       0x2f ./Source/FreeRTOS-Products/FreeRTOS-Plus-IO/Device/LPC17xx/FreeRTOS_lpc17xx_i2c.o
 .debug_macro   0x00004fb4      0x32b ./Source/FreeRTOS-Products/FreeRTOS-Plus-IO/Device/LPC17xx/FreeRTOS_lpc17xx_uart.o